Archive member included to satisfy reference by file (symbol)

c:/st/stm32cubeide_1.9.0/stm32cubeide/plugins/com.st.stm32cube.ide.mcu.externaltools.gnu-tools-for-stm32.10.3-2021.10.win32_1.0.0.202111181127/tools/bin/../lib/gcc/arm-none-eabi/10.3.1/../../../../arm-none-eabi/lib/thumb/v7e-m+fp/hard\libc_nano.a(lib_a-errno.o)
                              ./Core/Src/syscalls.o (__errno)
c:/st/stm32cubeide_1.9.0/stm32cubeide/plugins/com.st.stm32cube.ide.mcu.externaltools.gnu-tools-for-stm32.10.3-2021.10.win32_1.0.0.202111181127/tools/bin/../lib/gcc/arm-none-eabi/10.3.1/../../../../arm-none-eabi/lib/thumb/v7e-m+fp/hard\libc_nano.a(lib_a-exit.o)
                              c:/st/stm32cubeide_1.9.0/stm32cubeide/plugins/com.st.stm32cube.ide.mcu.externaltools.gnu-tools-for-stm32.10.3-2021.10.win32_1.0.0.202111181127/tools/bin/../lib/gcc/arm-none-eabi/10.3.1/../../../../arm-none-eabi/lib/thumb/v7e-m+fp/hard/crt0.o (exit)
c:/st/stm32cubeide_1.9.0/stm32cubeide/plugins/com.st.stm32cube.ide.mcu.externaltools.gnu-tools-for-stm32.10.3-2021.10.win32_1.0.0.202111181127/tools/bin/../lib/gcc/arm-none-eabi/10.3.1/../../../../arm-none-eabi/lib/thumb/v7e-m+fp/hard\libc_nano.a(lib_a-impure.o)
                              c:/st/stm32cubeide_1.9.0/stm32cubeide/plugins/com.st.stm32cube.ide.mcu.externaltools.gnu-tools-for-stm32.10.3-2021.10.win32_1.0.0.202111181127/tools/bin/../lib/gcc/arm-none-eabi/10.3.1/../../../../arm-none-eabi/lib/thumb/v7e-m+fp/hard\libc_nano.a(lib_a-exit.o) (_global_impure_ptr)
c:/st/stm32cubeide_1.9.0/stm32cubeide/plugins/com.st.stm32cube.ide.mcu.externaltools.gnu-tools-for-stm32.10.3-2021.10.win32_1.0.0.202111181127/tools/bin/../lib/gcc/arm-none-eabi/10.3.1/../../../../arm-none-eabi/lib/thumb/v7e-m+fp/hard\libc_nano.a(lib_a-init.o)
                              c:/st/stm32cubeide_1.9.0/stm32cubeide/plugins/com.st.stm32cube.ide.mcu.externaltools.gnu-tools-for-stm32.10.3-2021.10.win32_1.0.0.202111181127/tools/bin/../lib/gcc/arm-none-eabi/10.3.1/../../../../arm-none-eabi/lib/thumb/v7e-m+fp/hard/crt0.o (__libc_init_array)
c:/st/stm32cubeide_1.9.0/stm32cubeide/plugins/com.st.stm32cube.ide.mcu.externaltools.gnu-tools-for-stm32.10.3-2021.10.win32_1.0.0.202111181127/tools/bin/../lib/gcc/arm-none-eabi/10.3.1/../../../../arm-none-eabi/lib/thumb/v7e-m+fp/hard\libc_nano.a(lib_a-memcpy-stub.o)
                              ./App/Src/application.o (memcpy)
c:/st/stm32cubeide_1.9.0/stm32cubeide/plugins/com.st.stm32cube.ide.mcu.externaltools.gnu-tools-for-stm32.10.3-2021.10.win32_1.0.0.202111181127/tools/bin/../lib/gcc/arm-none-eabi/10.3.1/../../../../arm-none-eabi/lib/thumb/v7e-m+fp/hard\libc_nano.a(lib_a-memset.o)
                              c:/st/stm32cubeide_1.9.0/stm32cubeide/plugins/com.st.stm32cube.ide.mcu.externaltools.gnu-tools-for-stm32.10.3-2021.10.win32_1.0.0.202111181127/tools/bin/../lib/gcc/arm-none-eabi/10.3.1/../../../../arm-none-eabi/lib/thumb/v7e-m+fp/hard/crt0.o (memset)
c:/st/stm32cubeide_1.9.0/stm32cubeide/plugins/com.st.stm32cube.ide.mcu.externaltools.gnu-tools-for-stm32.10.3-2021.10.win32_1.0.0.202111181127/tools/bin/../lib/gcc/arm-none-eabi/10.3.1/thumb/v7e-m+fp/hard\libgcc.a(_aeabi_uldivmod.o)
                              ./Drivers/STM32F4xx_HAL_Driver/Src/stm32f4xx_hal_rcc.o (__aeabi_uldivmod)
c:/st/stm32cubeide_1.9.0/stm32cubeide/plugins/com.st.stm32cube.ide.mcu.externaltools.gnu-tools-for-stm32.10.3-2021.10.win32_1.0.0.202111181127/tools/bin/../lib/gcc/arm-none-eabi/10.3.1/thumb/v7e-m+fp/hard\libgcc.a(_udivmoddi4.o)
                              c:/st/stm32cubeide_1.9.0/stm32cubeide/plugins/com.st.stm32cube.ide.mcu.externaltools.gnu-tools-for-stm32.10.3-2021.10.win32_1.0.0.202111181127/tools/bin/../lib/gcc/arm-none-eabi/10.3.1/thumb/v7e-m+fp/hard\libgcc.a(_aeabi_uldivmod.o) (__udivmoddi4)
c:/st/stm32cubeide_1.9.0/stm32cubeide/plugins/com.st.stm32cube.ide.mcu.externaltools.gnu-tools-for-stm32.10.3-2021.10.win32_1.0.0.202111181127/tools/bin/../lib/gcc/arm-none-eabi/10.3.1/thumb/v7e-m+fp/hard\libgcc.a(_dvmd_tls.o)
                              c:/st/stm32cubeide_1.9.0/stm32cubeide/plugins/com.st.stm32cube.ide.mcu.externaltools.gnu-tools-for-stm32.10.3-2021.10.win32_1.0.0.202111181127/tools/bin/../lib/gcc/arm-none-eabi/10.3.1/thumb/v7e-m+fp/hard\libgcc.a(_aeabi_uldivmod.o) (__aeabi_ldiv0)

Discarded input sections

 .text          0x0000000000000000        0x0 c:/st/stm32cubeide_1.9.0/stm32cubeide/plugins/com.st.stm32cube.ide.mcu.externaltools.gnu-tools-for-stm32.10.3-2021.10.win32_1.0.0.202111181127/tools/bin/../lib/gcc/arm-none-eabi/10.3.1/thumb/v7e-m+fp/hard/crti.o
 .data          0x0000000000000000        0x0 c:/st/stm32cubeide_1.9.0/stm32cubeide/plugins/com.st.stm32cube.ide.mcu.externaltools.gnu-tools-for-stm32.10.3-2021.10.win32_1.0.0.202111181127/tools/bin/../lib/gcc/arm-none-eabi/10.3.1/thumb/v7e-m+fp/hard/crti.o
[...]
Memory Configuration

Name             Origin             Length             Attributes
RAM              0x0000000020000000 0x0000000000020000 xrw
FLASH            0x0000000008000000 0x0000000000080000 xr
*default*        0x0000000000000000 0xffffffffffffffff

Linker script and memory map

LOAD c:/st/stm32cubeide_1.9.0/stm32cubeide/plugins/com.st.stm32cube.ide.mcu.externaltools.gnu-tools-for-stm32.10.3-2021.10.win32_1.0.0.202111181127/tools/bin/../lib/gcc/arm-none-eabi/10.3.1/thumb/v7e-m+fp/hard/crti.o
LOAD c:/st/stm32cubeide_1.9.0/stm32cubeide/plugins/com.st.stm32cube.ide.mcu.externaltools.gnu-tools-for-stm32.10.3-2021.10.win32_1.0.0.202111181127/tools/bin/../lib/gcc/arm-none-eabi/10.3.1/thumb/v7e-m+fp/hard/crtbegin.o
LOAD c:/st/stm32cubeide_1.9.0/stm32cubeide/plugins/com.st.stm32cube.ide.mcu.externaltools.gnu-tools-for-stm32.10.3-2021.10.win32_1.0.0.202111181127/tools/bin/../lib/gcc/arm-none-eabi/10.3.1/../../../../arm-none-eabi/lib/thumb/v7e-m+fp/hard/crt0.o
LOAD ./App/Src/application.o
LOAD ./Core/Src/main.o
LOAD ./Core/Src/stm32f4xx_hal_msp.o
LOAD ./Core/Src/stm32f4xx_it.o
LOAD ./Core/Src/syscalls.o
LOAD ./Core/Src/sysmem.o
LOAD ./Core/Src/system_stm32f4xx.o
LOAD ./Core/Startup/startup_stm32f446retx.o
LOAD ./Drivers/STM32F4xx_HAL_Driver/Src/stm32f4xx_hal.o
LOAD ./Drivers/STM32F4xx_HAL_Driver/Src/stm32f4xx_hal_adc.o
LOAD ./Drivers/STM32F4xx_HAL_Driver/Src/stm32f4xx_hal_adc_ex.o
LOAD ./Drivers/STM32F4xx_HAL_Driver/Src/stm32f4xx_hal_cortex.o
LOAD ./Drivers/STM32F4xx_HAL_Driver/Src/stm32f4xx_hal_dma.o
LOAD ./Drivers/STM32F4xx_HAL_Driver/Src/stm32f4xx_hal_dma_ex.o
LOAD ./Drivers/STM32F4xx_HAL_Driver/Src/stm32f4xx_hal_exti.o
LOAD ./Drivers/STM32F4xx_HAL_Driver/Src/stm32f4xx_hal_flash.o
LOAD ./Drivers/STM32F4xx_HAL_Driver/Src/stm32f4xx_hal_flash_ex.o
LOAD ./Drivers/STM32F4xx_HAL_Driver/Src/stm32f4xx_hal_flash_ramfunc.o
LOAD ./Drivers/STM32F4xx_HAL_Driver/Src/stm32f4xx_hal_gpio.o
LOAD ./Drivers/STM32F4xx_HAL_Driver/Src/stm32f4xx_hal_pwr.o
LOAD ./Drivers/STM32F4xx_HAL_Driver/Src/stm32f4xx_hal_pwr_ex.o
LOAD ./Drivers/STM32F4xx_HAL_Driver/Src/stm32f4xx_hal_rcc.o
LOAD ./Drivers/STM32F4xx_HAL_Driver/Src/stm32f4xx_hal_rcc_ex.o
LOAD ./Drivers/STM32F4xx_HAL_Driver/Src/stm32f4xx_hal_tim.o
LOAD ./Drivers/STM32F4xx_HAL_Driver/Src/stm32f4xx_hal_tim_ex.o
LOAD ./Drivers/STM32F4xx_HAL_Driver/Src/stm32f4xx_hal_uart.o
LOAD ./Drivers/STM32F4xx_HAL_Driver/Src/stm32f4xx_ll_adc.o
LOAD ./Misc/Src/crc8.o
LOAD ./Misc/Src/dataPacketRx.o
LOAD ./Misc/Src/dataPacketTx.o
START GROUP
LOAD c:/st/stm32cubeide_1.9.0/stm32cubeide/plugins/com.st.stm32cube.ide.mcu.externaltools.gnu-tools-for-stm32.10.3-2021.10.win32_1.0.0.202111181127/tools/bin/../lib/gcc/arm-none-eabi/10.3.1/../../../../arm-none-eabi/lib/thumb/v7e-m+fp/hard\libc_nano.a
LOAD c:/st/stm32cubeide_1.9.0/stm32cubeide/plugins/com.st.stm32cube.ide.mcu.externaltools.gnu-tools-for-stm32.10.3-2021.10.win32_1.0.0.202111181127/tools/bin/../lib/gcc/arm-none-eabi/10.3.1/../../../../arm-none-eabi/lib/thumb/v7e-m+fp/hard\libm.a
END GROUP
START GROUP
LOAD c:/st/stm32cubeide_1.9.0/stm32cubeide/plugins/com.st.stm32cube.ide.mcu.externaltools.gnu-tools-for-stm32.10.3-2021.10.win32_1.0.0.202111181127/tools/bin/../lib/gcc/arm-none-eabi/10.3.1/thumb/v7e-m+fp/hard\libgcc.a
LOAD c:/st/stm32cubeide_1.9.0/stm32cubeide/plugins/com.st.stm32cube.ide.mcu.externaltools.gnu-tools-for-stm32.10.3-2021.10.win32_1.0.0.202111181127/tools/bin/../lib/gcc/arm-none-eabi/10.3.1/../../../../arm-none-eabi/lib/thumb/v7e-m+fp/hard\libc_nano.a
END GROUP
START GROUP
LOAD c:/st/stm32cubeide_1.9.0/stm32cubeide/plugins/com.st.stm32cube.ide.mcu.externaltools.gnu-tools-for-stm32.10.3-2021.10.win32_1.0.0.202111181127/tools/bin/../lib/gcc/arm-none-eabi/10.3.1/thumb/v7e-m+fp/hard\libgcc.a
LOAD c:/st/stm32cubeide_1.9.0/stm32cubeide/plugins/com.st.stm32cube.ide.mcu.externaltools.gnu-tools-for-stm32.10.3-2021.10.win32_1.0.0.202111181127/tools/bin/../lib/gcc/arm-none-eabi/10.3.1/../../../../arm-none-eabi/lib/thumb/v7e-m+fp/hard\libc_nano.a
LOAD c:/st/stm32cubeide_1.9.0/stm32cubeide/plugins/com.st.stm32cube.ide.mcu.externaltools.gnu-tools-for-stm32.10.3-2021.10.win32_1.0.0.202111181127/tools/bin/../lib/gcc/arm-none-eabi/10.3.1/../../../../arm-none-eabi/lib/thumb/v7e-m+fp/hard\libnosys.a
END GROUP
START GROUP
LOAD c:/st/stm32cubeide_1.9.0/stm32cubeide/plugins/com.st.stm32cube.ide.mcu.externaltools.gnu-tools-for-stm32.10.3-2021.10.win32_1.0.0.202111181127/tools/bin/../lib/gcc/arm-none-eabi/10.3.1/thumb/v7e-m+fp/hard\libgcc.a
LOAD c:/st/stm32cubeide_1.9.0/stm32cubeide/plugins/com.st.stm32cube.ide.mcu.externaltools.gnu-tools-for-stm32.10.3-2021.10.win32_1.0.0.202111181127/tools/bin/../lib/gcc/arm-none-eabi/10.3.1/../../../../arm-none-eabi/lib/thumb/v7e-m+fp/hard\libc_nano.a
LOAD c:/st/stm32cubeide_1.9.0/stm32cubeide/plugins/com.st.stm32cube.ide.mcu.externaltools.gnu-tools-for-stm32.10.3-2021.10.win32_1.0.0.202111181127/tools/bin/../lib/gcc/arm-none-eabi/10.3.1/../../../../arm-none-eabi/lib/thumb/v7e-m+fp/hard\libnosys.a
END GROUP
LOAD c:/st/stm32cubeide_1.9.0/stm32cubeide/plugins/com.st.stm32cube.ide.mcu.externaltools.gnu-tools-for-stm32.10.3-2021.10.win32_1.0.0.202111181127/tools/bin/../lib/gcc/arm-none-eabi/10.3.1/thumb/v7e-m+fp/hard/crtend.o
LOAD c:/st/stm32cubeide_1.9.0/stm32cubeide/plugins/com.st.stm32cube.ide.mcu.externaltools.gnu-tools-for-stm32.10.3-2021.10.win32_1.0.0.202111181127/tools/bin/../lib/gcc/arm-none-eabi/10.3.1/thumb/v7e-m+fp/hard/crtn.o
                0x0000000020020000                _estack = (ORIGIN (RAM) + LENGTH (RAM))
                0x0000000000000200                _Min_Heap_Size = 0x200
                0x0000000000000400                _Min_Stack_Size = 0x400

.isr_vector     0x0000000008000000      0x1c4
                0x0000000008000000                . = ALIGN (0x4)
 *(.isr_vector)
 .isr_vector    0x0000000008000000      0x1c4 ./Core/Startup/startup_stm32f446retx.o
                0x0000000008000000                g_pfnVectors
                0x00000000080001c4                . = ALIGN (0x4)

.text           0x00000000080001c4     0x452c
                0x00000000080001c4                . = ALIGN (0x4)
 *(.text)
 .text          0x00000000080001c4       0x40 c:/st/stm32cubeide_1.9.0/stm32cubeide/plugins/com.st.stm32cube.ide.mcu.externaltools.gnu-tools-for-stm32.10.3-2021.10.win32_1.0.0.202111181127/tools/bin/../lib/gcc/arm-none-eabi/10.3.1/thumb/v7e-m+fp/hard/crtbegin.o
 .text          0x0000000008000204       0x30 c:/st/stm32cubeide_1.9.0/stm32cubeide/plugins/com.st.stm32cube.ide.mcu.externaltools.gnu-tools-for-stm32.10.3-2021.10.win32_1.0.0.202111181127/tools/bin/../lib/gcc/arm-none-eabi/10.3.1/thumb/v7e-m+fp/hard\libgcc.a(_aeabi_uldivmod.o)
                0x0000000008000204                __aeabi_uldivmod
 .text          0x0000000008000234      0x2d0 c:/st/stm32cubeide_1.9.0/stm32cubeide/plugins/com.st.stm32cube.ide.mcu.externaltools.gnu-tools-for-stm32.10.3-2021.10.win32_1.0.0.202111181127/tools/bin/../lib/gcc/arm-none-eabi/10.3.1/thumb/v7e-m+fp/hard\libgcc.a(_udivmoddi4.o)
                0x0000000008000234                __udivmoddi4
 .text          0x0000000008000504        0x4 c:/st/stm32cubeide_1.9.0/stm32cubeide/plugins/com.st.stm32cube.ide.mcu.externaltools.gnu-tools-for-stm32.10.3-2021.10.win32_1.0.0.202111181127/tools/bin/../lib/gcc/arm-none-eabi/10.3.1/thumb/v7e-m+fp/hard\libgcc.a(_dvmd_tls.o)
                0x0000000008000504                __aeabi_idiv0
                0x0000000008000504                __aeabi_ldiv0
 *(.text*)
 .text.applicationInit
                0x0000000008000508       0x52 ./App/Src/application.o
                0x0000000008000508                applicationInit
 .text.applicationDecodeCommand
                0x000000000800055a       0x6a ./App/Src/application.o
                0x000000000800055a                applicationDecodeCommand
 .text.applicationExecuteBlinkLed
                0x00000000080005c4       0x3a ./App/Src/application.o
                0x00000000080005c4                applicationExecuteBlinkLed
 .text.applicationGetBlinkDelay
                0x00000000080005fe       0x18 ./App/Src/application.o
                0x00000000080005fe                applicationGetBlinkDelay
 .text.applicationSetCommand
                0x0000000008000616       0x1e ./App/Src/application.o
                0x0000000008000616                applicationSetCommand
 .text.applicationSetDecodeStatus
                0x0000000008000634       0x1e ./App/Src/application.o
                0x0000000008000634                applicationSetDecodeStatus
 .text.applicationGetDecodeStatus
                0x0000000008000652       0x18 ./App/Src/application.o
                0x0000000008000652                applicationGetDecodeStatus
 .text.applicationSetData
                0x000000000800066a       0x32 ./App/Src/application.o
                0x000000000800066a                applicationSetData
 .text.HAL_TIM_PeriodElapsedCallback
                0x000000000800069c       0x4c ./Core/Src/main.o
                0x000000000800069c                HAL_TIM_PeriodElapsedCallback
 .text.HAL_UART_RxCpltCallback
                0x00000000080006e8       0x40 ./Core/Src/main.o
                0x00000000080006e8                HAL_UART_RxCpltCallback
 .text.main     0x0000000008000728      0x1d0 ./Core/Src/main.o
                0x0000000008000728                main
 .text.SystemClock_Config
                0x00000000080008f8       0xe4 ./Core/Src/main.o
                0x00000000080008f8                SystemClock_Config
 .text.MX_ADC1_Init
                0x00000000080009dc       0xa4 ./Core/Src/main.o
 .text.MX_TIM9_Init
                0x0000000008000a80       0x74 ./Core/Src/main.o
 .text.MX_USART2_UART_Init
                0x0000000008000af4       0x54 ./Core/Src/main.o
 .text.MX_USART3_UART_Init
                0x0000000008000b48       0x54 ./Core/Src/main.o
 .text.MX_GPIO_Init
                0x0000000008000b9c       0xa4 ./Core/Src/main.o
 .text.Error_Handler
                0x0000000008000c40        0xa ./Core/Src/main.o
                0x0000000008000c40                Error_Handler
 *fill*         0x0000000008000c4a        0x2 
 .text.HAL_MspInit
                0x0000000008000c4c       0x50 ./Core/Src/stm32f4xx_hal_msp.o
                0x0000000008000c4c                HAL_MspInit
 .text.HAL_ADC_MspInit
                0x0000000008000c9c       0x88 ./Core/Src/stm32f4xx_hal_msp.o
                0x0000000008000c9c                HAL_ADC_MspInit
 .text.HAL_TIM_Base_MspInit
                0x0000000008000d24       0x50 ./Core/Src/stm32f4xx_hal_msp.o
                0x0000000008000d24                HAL_TIM_Base_MspInit
 .text.HAL_UART_MspInit
                0x0000000008000d74      0x10c ./Core/Src/stm32f4xx_hal_msp.o
                0x0000000008000d74                HAL_UART_MspInit
 .text.NMI_Handler
                0x0000000008000e80        0x6 ./Core/Src/stm32f4xx_it.o
                0x0000000008000e80                NMI_Handler
 .text.HardFault_Handler
                0x0000000008000e86        0x6 ./Core/Src/stm32f4xx_it.o
                0x0000000008000e86                HardFault_Handler
 .text.MemManage_Handler
                0x0000000008000e8c        0x6 ./Core/Src/stm32f4xx_it.o
                0x0000000008000e8c                MemManage_Handler
 .text.BusFault_Handler
                0x0000000008000e92        0x6 ./Core/Src/stm32f4xx_it.o
                0x0000000008000e92                BusFault_Handler
 .text.UsageFault_Handler
                0x0000000008000e98        0x6 ./Core/Src/stm32f4xx_it.o
                0x0000000008000e98                UsageFault_Handler
 .text.SVC_Handler
                0x0000000008000e9e        0xe ./Core/Src/stm32f4xx_it.o
                0x0000000008000e9e                SVC_Handler
 .text.DebugMon_Handler
                0x0000000008000eac        0xe ./Core/Src/stm32f4xx_it.o
                0x0000000008000eac                DebugMon_Handler
 .text.PendSV_Handler
                0x0000000008000eba        0xe ./Core/Src/stm32f4xx_it.o
                0x0000000008000eba                PendSV_Handler
 .text.SysTick_Handler
                0x0000000008000ec8        0xc ./Core/Src/stm32f4xx_it.o
                0x0000000008000ec8                SysTick_Handler
 .text.TIM1_BRK_TIM9_IRQHandler
                0x0000000008000ed4       0x14 ./Core/Src/stm32f4xx_it.o
                0x0000000008000ed4                TIM1_BRK_TIM9_IRQHandler
 .text.USART2_IRQHandler
                0x0000000008000ee8       0x14 ./Core/Src/stm32f4xx_it.o
                0x0000000008000ee8                USART2_IRQHandler
 .text.SystemInit
                0x0000000008000efc       0x24 ./Core/Src/system_stm32f4xx.o
                0x0000000008000efc                SystemInit
 .text.Reset_Handler
                0x0000000008000f20       0x50 ./Core/Startup/startup_stm32f446retx.o
                0x0000000008000f20                Reset_Handler
 .text.Default_Handler
                0x0000000008000f70        0x2 ./Core/Startup/startup_stm32f446retx.o
                0x0000000008000f70                RTC_Alarm_IRQHandler
                0x0000000008000f70                EXTI2_IRQHandler
                0x0000000008000f70                TIM8_CC_IRQHandler
                0x0000000008000f70                FMPI2C1_EV_IRQHandler
                0x0000000008000f70                SPI4_IRQHandler
                0x0000000008000f70                TIM1_CC_IRQHandler
                0x0000000008000f70                DMA2_Stream5_IRQHandler
                0x0000000008000f70                DMA1_Stream5_IRQHandler
                0x0000000008000f70                PVD_IRQHandler
                0x0000000008000f70                SDIO_IRQHandler
                0x0000000008000f70                TAMP_STAMP_IRQHandler
                0x0000000008000f70                CAN2_RX1_IRQHandler
                0x0000000008000f70                EXTI3_IRQHandler
                0x0000000008000f70                TIM8_TRG_COM_TIM14_IRQHandler
                0x0000000008000f70                TIM1_UP_TIM10_IRQHandler
                0x0000000008000f70                TIM8_UP_TIM13_IRQHandler
                0x0000000008000f70                I2C3_ER_IRQHandler
                0x0000000008000f70                EXTI0_IRQHandler
                0x0000000008000f70                I2C2_EV_IRQHandler
                0x0000000008000f70                DMA1_Stream2_IRQHandler
                0x0000000008000f70                CAN1_RX0_IRQHandler
                0x0000000008000f70                FPU_IRQHandler
                0x0000000008000f70                OTG_HS_WKUP_IRQHandler
                0x0000000008000f70                CAN2_SCE_IRQHandler
                0x0000000008000f70                DMA2_Stream2_IRQHandler
                0x0000000008000f70                SPI1_IRQHandler
                0x0000000008000f70                TIM6_DAC_IRQHandler
                0x0000000008000f70                DCMI_IRQHandler
                0x0000000008000f70                CAN2_RX0_IRQHandler
                0x0000000008000f70                DMA2_Stream3_IRQHandler
                0x0000000008000f70                SAI2_IRQHandler
                0x0000000008000f70                USART6_IRQHandler
                0x0000000008000f70                USART3_IRQHandler
                0x0000000008000f70                CAN1_RX1_IRQHandler
                0x0000000008000f70                UART5_IRQHandler
                0x0000000008000f70                DMA2_Stream0_IRQHandler
                0x0000000008000f70                TIM4_IRQHandler
                0x0000000008000f70                QUADSPI_IRQHandler
                0x0000000008000f70                I2C1_EV_IRQHandler
                0x0000000008000f70                DMA1_Stream6_IRQHandler
                0x0000000008000f70                DMA1_Stream1_IRQHandler
                0x0000000008000f70                UART4_IRQHandler
                0x0000000008000f70                TIM3_IRQHandler
                0x0000000008000f70                RCC_IRQHandler
                0x0000000008000f70                TIM8_BRK_TIM12_IRQHandler
                0x0000000008000f70                Default_Handler
                0x0000000008000f70                CEC_IRQHandler
                0x0000000008000f70                EXTI15_10_IRQHandler
                0x0000000008000f70                ADC_IRQHandler
                0x0000000008000f70                DMA1_Stream7_IRQHandler
                0x0000000008000f70                TIM7_IRQHandler
                0x0000000008000f70                CAN2_TX_IRQHandler
                0x0000000008000f70                TIM5_IRQHandler
                0x0000000008000f70                DMA2_Stream7_IRQHandler
                0x0000000008000f70                I2C3_EV_IRQHandler
                0x0000000008000f70                EXTI9_5_IRQHandler
                0x0000000008000f70                RTC_WKUP_IRQHandler
                0x0000000008000f70                SPDIF_RX_IRQHandler
                0x0000000008000f70                SPI2_IRQHandler
                0x0000000008000f70                OTG_HS_EP1_IN_IRQHandler
                0x0000000008000f70                DMA1_Stream0_IRQHandler
                0x0000000008000f70                CAN1_TX_IRQHandler
                0x0000000008000f70                FMPI2C1_ER_IRQHandler
                0x0000000008000f70                EXTI4_IRQHandler
                0x0000000008000f70                OTG_HS_EP1_OUT_IRQHandler
                0x0000000008000f70                WWDG_IRQHandler
                0x0000000008000f70                TIM2_IRQHandler
                0x0000000008000f70                OTG_FS_WKUP_IRQHandler
                0x0000000008000f70                TIM1_TRG_COM_TIM11_IRQHandler
                0x0000000008000f70                OTG_HS_IRQHandler
                0x0000000008000f70                EXTI1_IRQHandler
                0x0000000008000f70                I2C2_ER_IRQHandler
                0x0000000008000f70                DMA2_Stream1_IRQHandler
                0x0000000008000f70                CAN1_SCE_IRQHandler
                0x0000000008000f70                FLASH_IRQHandler
                0x0000000008000f70                DMA2_Stream4_IRQHandler
                0x0000000008000f70                USART1_IRQHandler
                0x0000000008000f70                OTG_FS_IRQHandler
                0x0000000008000f70                SPI3_IRQHandler
                0x0000000008000f70                DMA1_Stream4_IRQHandler
                0x0000000008000f70                I2C1_ER_IRQHandler
                0x0000000008000f70                FMC_IRQHandler
                0x0000000008000f70                DMA2_Stream6_IRQHandler
                0x0000000008000f70                SAI1_IRQHandler
                0x0000000008000f70                DMA1_Stream3_IRQHandler
 *fill*         0x0000000008000f72        0x2 
 .text.HAL_Init
                0x0000000008000f74       0x44 ./Drivers/STM32F4xx_HAL_Driver/Src/stm32f4xx_hal.o
                0x0000000008000f74                HAL_Init
 .text.HAL_InitTick
                0x0000000008000fb8       0x60 ./Drivers/STM32F4xx_HAL_Driver/Src/stm32f4xx_hal.o
                0x0000000008000fb8                HAL_InitTick
 .text.HAL_IncTick
                0x0000000008001018       0x28 ./Drivers/STM32F4xx_HAL_Driver/Src/stm32f4xx_hal.o
                0x0000000008001018                HAL_IncTick
 .text.HAL_GetTick
                0x0000000008001040       0x18 ./Drivers/STM32F4xx_HAL_Driver/Src/stm32f4xx_hal.o
                0x0000000008001040                HAL_GetTick
 .text.HAL_ADC_Init
                0x0000000008001058       0x86 ./Drivers/STM32F4xx_HAL_Driver/Src/stm32f4xx_hal_adc.o
                0x0000000008001058                HAL_ADC_Init
 *fill*         0x00000000080010de        0x2 
 .text.HAL_ADC_ConfigChannel
                0x00000000080010e0      0x264 ./Drivers/STM32F4xx_HAL_Driver/Src/stm32f4xx_hal_adc.o
                0x00000000080010e0                HAL_ADC_ConfigChannel
 .text.ADC_Init
                0x0000000008001344      0x1f8 ./Drivers/STM32F4xx_HAL_Driver/Src/stm32f4xx_hal_adc.o
 .text.__NVIC_SetPriorityGrouping
                0x000000000800153c       0x48 ./Drivers/STM32F4xx_HAL_Driver/Src/stm32f4xx_hal_cortex.o
 .text.__NVIC_GetPriorityGrouping
                0x0000000008001584       0x1c ./Drivers/STM32F4xx_HAL_Driver/Src/stm32f4xx_hal_cortex.o
 .text.__NVIC_EnableIRQ
                0x00000000080015a0       0x3c ./Drivers/STM32F4xx_HAL_Driver/Src/stm32f4xx_hal_cortex.o
 .text.__NVIC_SetPriority
                0x00000000080015dc       0x54 ./Drivers/STM32F4xx_HAL_Driver/Src/stm32f4xx_hal_cortex.o
 .text.NVIC_EncodePriority
                0x0000000008001630       0x66 ./Drivers/STM32F4xx_HAL_Driver/Src/stm32f4xx_hal_cortex.o
 *fill*         0x0000000008001696        0x2 
 .text.SysTick_Config
                0x0000000008001698       0x44 ./Drivers/STM32F4xx_HAL_Driver/Src/stm32f4xx_hal_cortex.o
 .text.HAL_NVIC_SetPriorityGrouping
                0x00000000080016dc       0x16 ./Drivers/STM32F4xx_HAL_Driver/Src/stm32f4xx_hal_cortex.o
                0x00000000080016dc                HAL_NVIC_SetPriorityGrouping
 .text.HAL_NVIC_SetPriority
                0x00000000080016f2       0x38 ./Drivers/STM32F4xx_HAL_Driver/Src/stm32f4xx_hal_cortex.o
                0x00000000080016f2                HAL_NVIC_SetPriority
 .text.HAL_NVIC_EnableIRQ
                0x000000000800172a       0x1c ./Drivers/STM32F4xx_HAL_Driver/Src/stm32f4xx_hal_cortex.o
                0x000000000800172a                HAL_NVIC_EnableIRQ
 .text.HAL_SYSTICK_Config
                0x0000000008001746       0x18 ./Drivers/STM32F4xx_HAL_Driver/Src/stm32f4xx_hal_cortex.o
                0x0000000008001746                HAL_SYSTICK_Config
 .text.HAL_DMA_Abort
                0x000000000800175e       0xe0 ./Drivers/STM32F4xx_HAL_Driver/Src/stm32f4xx_hal_dma.o
                0x000000000800175e                HAL_DMA_Abort
 .text.HAL_DMA_Abort_IT
                0x000000000800183e       0x44 ./Drivers/STM32F4xx_HAL_Driver/Src/stm32f4xx_hal_dma.o
                0x000000000800183e                HAL_DMA_Abort_IT
 *fill*         0x0000000008001882        0x2 
 .text.HAL_GPIO_Init
                0x0000000008001884      0x328 ./Drivers/STM32F4xx_HAL_Driver/Src/stm32f4xx_hal_gpio.o
                0x0000000008001884                HAL_GPIO_Init
 .text.HAL_GPIO_WritePin
                0x0000000008001bac       0x32 ./Drivers/STM32F4xx_HAL_Driver/Src/stm32f4xx_hal_gpio.o
                0x0000000008001bac                HAL_GPIO_WritePin
 .text.HAL_GPIO_TogglePin
                0x0000000008001bde       0x34 ./Drivers/STM32F4xx_HAL_Driver/Src/stm32f4xx_hal_gpio.o
                0x0000000008001bde                HAL_GPIO_TogglePin
 *fill*         0x0000000008001c12        0x2 
 .text.HAL_PWREx_EnableOverDrive
                0x0000000008001c14       0xa0 ./Drivers/STM32F4xx_HAL_Driver/Src/stm32f4xx_hal_pwr_ex.o
                0x0000000008001c14                HAL_PWREx_EnableOverDrive
 .text.HAL_RCC_ClockConfig
                0x0000000008001cb4      0x1cc ./Drivers/STM32F4xx_HAL_Driver/Src/stm32f4xx_hal_rcc.o
                0x0000000008001cb4                HAL_RCC_ClockConfig
 .text.HAL_RCC_GetHCLKFreq
                0x0000000008001e80       0x18 ./Drivers/STM32F4xx_HAL_Driver/Src/stm32f4xx_hal_rcc.o
                0x0000000008001e80                HAL_RCC_GetHCLKFreq
 .text.HAL_RCC_GetPCLK1Freq
                0x0000000008001e98       0x28 ./Drivers/STM32F4xx_HAL_Driver/Src/stm32f4xx_hal_rcc.o
                0x0000000008001e98                HAL_RCC_GetPCLK1Freq
 .text.HAL_RCC_GetPCLK2Freq
                0x0000000008001ec0       0x28 ./Drivers/STM32F4xx_HAL_Driver/Src/stm32f4xx_hal_rcc.o
                0x0000000008001ec0                HAL_RCC_GetPCLK2Freq
 .text.HAL_RCC_GetSysClockFreq
                0x0000000008001ee8      0x354 ./Drivers/STM32F4xx_HAL_Driver/Src/stm32f4xx_hal_rcc_ex.o
                0x0000000008001ee8                HAL_RCC_GetSysClockFreq
 .text.HAL_RCC_OscConfig
                0x000000000800223c      0x53c ./Drivers/STM32F4xx_HAL_Driver/Src/stm32f4xx_hal_rcc_ex.o
                0x000000000800223c                HAL_RCC_OscConfig
 .text.HAL_TIM_Base_Init
                0x0000000008002778       0x9e ./Drivers/STM32F4xx_HAL_Driver/Src/stm32f4xx_hal_tim.o
                0x0000000008002778                HAL_TIM_Base_Init
 *fill*         0x0000000008002816        0x2 
 .text.HAL_TIM_Base_Start_IT
                0x0000000008002818       0xe0 ./Drivers/STM32F4xx_HAL_Driver/Src/stm32f4xx_hal_tim.o
                0x0000000008002818                HAL_TIM_Base_Start_IT
 .text.HAL_TIM_IRQHandler
                0x00000000080028f8      0x210 ./Drivers/STM32F4xx_HAL_Driver/Src/stm32f4xx_hal_tim.o
                0x00000000080028f8                HAL_TIM_IRQHandler
 .text.HAL_TIM_ConfigClockSource
                0x0000000008002b08      0x18e ./Drivers/STM32F4xx_HAL_Driver/Src/stm32f4xx_hal_tim.o
                0x0000000008002b08                HAL_TIM_ConfigClockSource
 .text.HAL_TIM_OC_DelayElapsedCallback
                0x0000000008002c96       0x14 ./Drivers/STM32F4xx_HAL_Driver/Src/stm32f4xx_hal_tim.o
                0x0000000008002c96                HAL_TIM_OC_DelayElapsedCallback
 .text.HAL_TIM_IC_CaptureCallback
                0x0000000008002caa       0x14 ./Drivers/STM32F4xx_HAL_Driver/Src/stm32f4xx_hal_tim.o
                0x0000000008002caa                HAL_TIM_IC_CaptureCallback
 .text.HAL_TIM_PWM_PulseFinishedCallback
                0x0000000008002cbe       0x14 ./Drivers/STM32F4xx_HAL_Driver/Src/stm32f4xx_hal_tim.o
                0x0000000008002cbe                HAL_TIM_PWM_PulseFinishedCallback
 .text.HAL_TIM_TriggerCallback
                0x0000000008002cd2       0x14 ./Drivers/STM32F4xx_HAL_Driver/Src/stm32f4xx_hal_tim.o
                0x0000000008002cd2                HAL_TIM_TriggerCallback
 *fill*         0x0000000008002ce6        0x2 
 .text.TIM_Base_SetConfig
                0x0000000008002ce8      0x140 ./Drivers/STM32F4xx_HAL_Driver/Src/stm32f4xx_hal_tim.o
                0x0000000008002ce8                TIM_Base_SetConfig
 .text.TIM_TI1_ConfigInputStage
                0x0000000008002e28       0x5e ./Drivers/STM32F4xx_HAL_Driver/Src/stm32f4xx_hal_tim.o
 .text.TIM_TI2_ConfigInputStage
                0x0000000008002e86       0x60 ./Drivers/STM32F4xx_HAL_Driver/Src/stm32f4xx_hal_tim.o
 .text.TIM_ITRx_SetConfig
                0x0000000008002ee6       0x36 ./Drivers/STM32F4xx_HAL_Driver/Src/stm32f4xx_hal_tim.o
 .text.TIM_ETR_SetConfig
                0x0000000008002f1c       0x40 ./Drivers/STM32F4xx_HAL_Driver/Src/stm32f4xx_hal_tim.o
                0x0000000008002f1c                TIM_ETR_SetConfig
 .text.HAL_TIMEx_CommutCallback
                0x0000000008002f5c       0x14 ./Drivers/STM32F4xx_HAL_Driver/Src/stm32f4xx_hal_tim_ex.o
                0x0000000008002f5c                HAL_TIMEx_CommutCallback
 .text.HAL_TIMEx_BreakCallback
                0x0000000008002f70       0x14 ./Drivers/STM32F4xx_HAL_Driver/Src/stm32f4xx_hal_tim_ex.o
                0x0000000008002f70                HAL_TIMEx_BreakCallback
 .text.HAL_UART_Init
                0x0000000008002f84       0x9a ./Drivers/STM32F4xx_HAL_Driver/Src/stm32f4xx_hal_uart.o
                0x0000000008002f84                HAL_UART_Init
 .text.HAL_UART_Transmit
                0x000000000800301e      0x124 ./Drivers/STM32F4xx_HAL_Driver/Src/stm32f4xx_hal_uart.o
                0x000000000800301e                HAL_UART_Transmit
 .text.HAL_UART_Receive_IT
                0x0000000008003142       0x60 ./Drivers/STM32F4xx_HAL_Driver/Src/stm32f4xx_hal_uart.o
                0x0000000008003142                HAL_UART_Receive_IT
 *fill*         0x00000000080031a2        0x2 
 .text.HAL_UART_IRQHandler
                0x00000000080031a4      0x51c ./Drivers/STM32F4xx_HAL_Driver/Src/stm32f4xx_hal_uart.o
                0x00000000080031a4                HAL_UART_IRQHandler
 .text.HAL_UART_TxCpltCallback
                0x00000000080036c0       0x14 ./Drivers/STM32F4xx_HAL_Driver/Src/stm32f4xx_hal_uart.o
                0x00000000080036c0                HAL_UART_TxCpltCallback
 .text.HAL_UART_ErrorCallback
                0x00000000080036d4       0x14 ./Drivers/STM32F4xx_HAL_Driver/Src/stm32f4xx_hal_uart.o
                0x00000000080036d4                HAL_UART_ErrorCallback
 .text.HAL_UARTEx_RxEventCallback
                0x00000000080036e8       0x18 ./Drivers/STM32F4xx_HAL_Driver/Src/stm32f4xx_hal_uart.o
                0x00000000080036e8                HAL_UARTEx_RxEventCallback
 .text.UART_WaitOnFlagUntilTimeout
                0x0000000008003700       0xdc ./Drivers/STM32F4xx_HAL_Driver/Src/stm32f4xx_hal_uart.o
 .text.UART_Start_Receive_IT
                0x00000000080037dc       0x7c ./Drivers/STM32F4xx_HAL_Driver/Src/stm32f4xx_hal_uart.o
                0x00000000080037dc                UART_Start_Receive_IT
 .text.UART_EndRxTransfer
                0x0000000008003858       0xc6 ./Drivers/STM32F4xx_HAL_Driver/Src/stm32f4xx_hal_uart.o
 .text.UART_DMAAbortOnError
                0x000000000800391e       0x28 ./Drivers/STM32F4xx_HAL_Driver/Src/stm32f4xx_hal_uart.o
 .text.UART_Transmit_IT
                0x0000000008003946       0xa0 ./Drivers/STM32F4xx_HAL_Driver/Src/stm32f4xx_hal_uart.o
 .text.UART_EndTransmit_IT
                0x00000000080039e6       0x30 ./Drivers/STM32F4xx_HAL_Driver/Src/stm32f4xx_hal_uart.o
 .text.UART_Receive_IT
                0x0000000008003a16      0x176 ./Drivers/STM32F4xx_HAL_Driver/Src/stm32f4xx_hal_uart.o
 .text.UART_SetConfig
                0x0000000008003b8c      0x4e8 ./Drivers/STM32F4xx_HAL_Driver/Src/stm32f4xx_hal_uart.o
 .text.genCrc   0x0000000008004074       0x4a ./Misc/Src/crc8.o
                0x0000000008004074                genCrc
 *fill*         0x00000000080040be        0x2 
 .text.calcCrc8
                0x00000000080040c0       0x40 ./Misc/Src/crc8.o
 .text.dataPacketRxInit
                0x0000000008004100       0x76 ./Misc/Src/dataPacketRx.o
                0x0000000008004100                dataPacketRxInit
 .text.dataPacketRxAppend
                0x0000000008004176       0x54 ./Misc/Src/dataPacketRx.o
                0x0000000008004176                dataPacketRxAppend
 .text.dataPacketRxDecode
                0x00000000080041ca      0x16a ./Misc/Src/dataPacketRx.o
                0x00000000080041ca                dataPacketRxDecode
 .text.dataPacketRxClear
                0x0000000008004334       0x62 ./Misc/Src/dataPacketRx.o
                0x0000000008004334                dataPacketRxClear
 .text.dataPacketRxSetCommand
                0x0000000008004396       0x34 ./Misc/Src/dataPacketRx.o
                0x0000000008004396                dataPacketRxSetCommand
 .text.dataPacketRxGetCommand
                0x00000000080043ca       0x18 ./Misc/Src/dataPacketRx.o
                0x00000000080043ca                dataPacketRxGetCommand
 .text.dataPacketRxSetPayloadData
                0x00000000080043e2       0x32 ./Misc/Src/dataPacketRx.o
                0x00000000080043e2                dataPacketRxSetPayloadData
 .text.dataPacketRxGetPayloadData
                0x0000000008004414       0x18 ./Misc/Src/dataPacketRx.o
                0x0000000008004414                dataPacketRxGetPayloadData
 .text.dataPacketRxGetPayloadDataLength
                0x000000000800442c       0x18 ./Misc/Src/dataPacketRx.o
                0x000000000800442c                dataPacketRxGetPayloadDataLength
 .text.dataPacketRxGetDataPacketStatus
                0x0000000008004444       0x1a ./Misc/Src/dataPacketRx.o
                0x0000000008004444                dataPacketRxGetDataPacketStatus
 .text.dataPacketTxInit
                0x000000000800445e       0x60 ./Misc/Src/dataPacketTx.o
                0x000000000800445e                dataPacketTxInit
 .text.dataPacketTxMount
                0x00000000080044be       0x8e ./Misc/Src/dataPacketTx.o
                0x00000000080044be                dataPacketTxMount
 .text.dataPacketTxUartSend
                0x000000000800454c       0x40 ./Misc/Src/dataPacketTx.o
                0x000000000800454c                dataPacketTxUartSend
 .text.dataPacketTxClear
                0x000000000800458c       0x38 ./Misc/Src/dataPacketTx.o
                0x000000000800458c                dataPacketTxClear
 .text.dataPacketTxPayloadDataClear
                0x00000000080045c4       0x38 ./Misc/Src/dataPacketTx.o
                0x00000000080045c4                dataPacketTxPayloadDataClear
 .text.dataPacketTxSetCommand
                0x00000000080045fc       0x34 ./Misc/Src/dataPacketTx.o
                0x00000000080045fc                dataPacketTxSetCommand
 .text.dataPacketTxSetPayloadData
                0x0000000008004630       0x32 ./Misc/Src/dataPacketTx.o
                0x0000000008004630                dataPacketTxSetPayloadData
 *fill*         0x0000000008004662        0x2 
 .text.__libc_init_array
                0x0000000008004664       0x48 c:/st/stm32cubeide_1.9.0/stm32cubeide/plugins/com.st.stm32cube.ide.mcu.externaltools.gnu-tools-for-stm32.10.3-2021.10.win32_1.0.0.202111181127/tools/bin/../lib/gcc/arm-none-eabi/10.3.1/../../../../arm-none-eabi/lib/thumb/v7e-m+fp/hard\libc_nano.a(lib_a-init.o)
                0x0000000008004664                __libc_init_array
 .text.memcpy   0x00000000080046ac       0x1c c:/st/stm32cubeide_1.9.0/stm32cubeide/plugins/com.st.stm32cube.ide.mcu.externaltools.gnu-tools-for-stm32.10.3-2021.10.win32_1.0.0.202111181127/tools/bin/../lib/gcc/arm-none-eabi/10.3.1/../../../../arm-none-eabi/lib/thumb/v7e-m+fp/hard\libc_nano.a(lib_a-memcpy-stub.o)
                0x00000000080046ac                memcpy
 .text.memset   0x00000000080046c8       0x10 c:/st/stm32cubeide_1.9.0/stm32cubeide/plugins/com.st.stm32cube.ide.mcu.externaltools.gnu-tools-for-stm32.10.3-2021.10.win32_1.0.0.202111181127/tools/bin/../lib/gcc/arm-none-eabi/10.3.1/../../../../arm-none-eabi/lib/thumb/v7e-m+fp/hard\libc_nano.a(lib_a-memset.o)
                0x00000000080046c8                memset
 *(.glue_7)
 .glue_7        0x00000000080046d8        0x0 linker stubs
 *(.glue_7t)
 .glue_7t       0x00000000080046d8        0x0 linker stubs
 *(.eh_frame)
 .eh_frame      0x00000000080046d8        0x0 c:/st/stm32cubeide_1.9.0/stm32cubeide/plugins/com.st.stm32cube.ide.mcu.externaltools.gnu-tools-for-stm32.10.3-2021.10.win32_1.0.0.202111181127/tools/bin/../lib/gcc/arm-none-eabi/10.3.1/thumb/v7e-m+fp/hard/crtbegin.o
 *(.init)
 .init          0x00000000080046d8        0x4 c:/st/stm32cubeide_1.9.0/stm32cubeide/plugins/com.st.stm32cube.ide.mcu.externaltools.gnu-tools-for-stm32.10.3-2021.10.win32_1.0.0.202111181127/tools/bin/../lib/gcc/arm-none-eabi/10.3.1/thumb/v7e-m+fp/hard/crti.o
                0x00000000080046d8                _init
 .init          0x00000000080046dc        0x8 c:/st/stm32cubeide_1.9.0/stm32cubeide/plugins/com.st.stm32cube.ide.mcu.externaltools.gnu-tools-for-stm32.10.3-2021.10.win32_1.0.0.202111181127/tools/bin/../lib/gcc/arm-none-eabi/10.3.1/thumb/v7e-m+fp/hard/crtn.o
 *(.fini)
 .fini          0x00000000080046e4        0x4 c:/st/stm32cubeide_1.9.0/stm32cubeide/plugins/com.st.stm32cube.ide.mcu.externaltools.gnu-tools-for-stm32.10.3-2021.10.win32_1.0.0.202111181127/tools/bin/../lib/gcc/arm-none-eabi/10.3.1/thumb/v7e-m+fp/hard/crti.o
                0x00000000080046e4                _fini
 .fini          0x00000000080046e8        0x8 c:/st/stm32cubeide_1.9.0/stm32cubeide/plugins/com.st.stm32cube.ide.mcu.externaltools.gnu-tools-for-stm32.10.3-2021.10.win32_1.0.0.202111181127/tools/bin/../lib/gcc/arm-none-eabi/10.3.1/thumb/v7e-m+fp/hard/crtn.o
                0x00000000080046f0                . = ALIGN (0x4)
                0x00000000080046f0                _etext = .

.vfp11_veneer   0x00000000080046f0        0x0
 .vfp11_veneer  0x00000000080046f0        0x0 linker stubs

.v4_bx          0x00000000080046f0        0x0
 .v4_bx         0x00000000080046f0        0x0 linker stubs

.iplt           0x00000000080046f0        0x0
 .iplt          0x00000000080046f0        0x0 c:/st/stm32cubeide_1.9.0/stm32cubeide/plugins/com.st.stm32cube.ide.mcu.externaltools.gnu-tools-for-stm32.10.3-2021.10.win32_1.0.0.202111181127/tools/bin/../lib/gcc/arm-none-eabi/10.3.1/thumb/v7e-m+fp/hard/crtbegin.o

.rodata         0x00000000080046f0      0x118
                0x00000000080046f0                . = ALIGN (0x4)
 *(.rodata)
 *(.rodata*)
 .rodata.AHBPrescTable
                0x00000000080046f0       0x10 ./Core/Src/system_stm32f4xx.o
                0x00000000080046f0                AHBPrescTable
 .rodata.APBPrescTable
                0x0000000008004700        0x8 ./Core/Src/system_stm32f4xx.o
                0x0000000008004700                APBPrescTable
 .rodata.table  0x0000000008004708      0x100 ./Misc/Src/crc8.o
                0x0000000008004808                . = ALIGN (0x4)

.ARM.extab      0x0000000008004808        0x0
                0x0000000008004808                . = ALIGN (0x4)
 *(.ARM.extab* .gnu.linkonce.armextab.*)
                0x0000000008004808                . = ALIGN (0x4)

.ARM            0x0000000008004808        0x8
                0x0000000008004808                . = ALIGN (0x4)
                0x0000000008004808                __exidx_start = .
 *(.ARM.exidx*)
 .ARM.exidx     0x0000000008004808        0x8 c:/st/stm32cubeide_1.9.0/stm32cubeide/plugins/com.st.stm32cube.ide.mcu.externaltools.gnu-tools-for-stm32.10.3-2021.10.win32_1.0.0.202111181127/tools/bin/../lib/gcc/arm-none-eabi/10.3.1/thumb/v7e-m+fp/hard\libgcc.a(_udivmoddi4.o)
                0x0000000008004810                __exidx_end = .
                0x0000000008004810                . = ALIGN (0x4)

.rel.dyn        0x0000000008004810        0x0
 .rel.iplt      0x0000000008004810        0x0 c:/st/stm32cubeide_1.9.0/stm32cubeide/plugins/com.st.stm32cube.ide.mcu.externaltools.gnu-tools-for-stm32.10.3-2021.10.win32_1.0.0.202111181127/tools/bin/../lib/gcc/arm-none-eabi/10.3.1/thumb/v7e-m+fp/hard/crtbegin.o

.preinit_array  0x0000000008004810        0x0
                0x0000000008004810                . = ALIGN (0x4)
                0x0000000008004810                PROVIDE (__preinit_array_start = .)
 *(.preinit_array*)
                0x0000000008004810                PROVIDE (__preinit_array_end = .)
                0x0000000008004810                . = ALIGN (0x4)

.init_array     0x0000000008004810        0x4
                0x0000000008004810                . = ALIGN (0x4)
                0x0000000008004810                PROVIDE (__init_array_start = .)
 *(SORT_BY_NAME(.init_array.*))
 *(.init_array*)
 .init_array    0x0000000008004810        0x4 c:/st/stm32cubeide_1.9.0/stm32cubeide/plugins/com.st.stm32cube.ide.mcu.externaltools.gnu-tools-for-stm32.10.3-2021.10.win32_1.0.0.202111181127/tools/bin/../lib/gcc/arm-none-eabi/10.3.1/thumb/v7e-m+fp/hard/crtbegin.o
                0x0000000008004814                PROVIDE (__init_array_end = .)
                0x0000000008004814                . = ALIGN (0x4)

.fini_array     0x0000000008004814        0x4
                0x0000000008004814                . = ALIGN (0x4)
                [!provide]                        PROVIDE (__fini_array_start = .)
 *(SORT_BY_NAME(.fini_array.*))
 *(.fini_array*)
 .fini_array    0x0000000008004814        0x4 c:/st/stm32cubeide_1.9.0/stm32cubeide/plugins/com.st.stm32cube.ide.mcu.externaltools.gnu-tools-for-stm32.10.3-2021.10.win32_1.0.0.202111181127/tools/bin/../lib/gcc/arm-none-eabi/10.3.1/thumb/v7e-m+fp/hard/crtbegin.o
                [!provide]                        PROVIDE (__fini_array_end = .)
                0x0000000008004818                . = ALIGN (0x4)
                0x0000000008004818                _sidata = LOADADDR (.data)

.data           0x0000000020000000       0x1c load address 0x0000000008004818
                0x0000000020000000                . = ALIGN (0x4)
                0x0000000020000000                _sdata = .
 *(.data)
 *(.data*)
 .data.bytes    0x0000000020000000       0x10 ./Core/Src/main.o
                0x0000000020000000                bytes
 .data.SystemCoreClock
                0x0000000020000010        0x4 ./Core/Src/system_stm32f4xx.o
                0x0000000020000010                SystemCoreClock
 .data.uwTickPrio
                0x0000000020000014        0x4 ./Drivers/STM32F4xx_HAL_Driver/Src/stm32f4xx_hal.o
                0x0000000020000014                uwTickPrio
 .data.uwTickFreq
                0x0000000020000018        0x1 ./Drivers/STM32F4xx_HAL_Driver/Src/stm32f4xx_hal.o
                0x0000000020000018                uwTickFreq
 *(.RamFunc)
 *(.RamFunc*)
                0x000000002000001c                . = ALIGN (0x4)
 *fill*         0x0000000020000019        0x3 
                0x000000002000001c                _edata = .

.igot.plt       0x000000002000001c        0x0 load address 0x0000000008004834
 .igot.plt      0x000000002000001c        0x0 c:/st/stm32cubeide_1.9.0/stm32cubeide/plugins/com.st.stm32cube.ide.mcu.externaltools.gnu-tools-for-stm32.10.3-2021.10.win32_1.0.0.202111181127/tools/bin/../lib/gcc/arm-none-eabi/10.3.1/thumb/v7e-m+fp/hard/crtbegin.o
                0x000000002000001c                . = ALIGN (0x4)

.bss            0x000000002000001c      0x1f8 load address 0x0000000008004834
                0x000000002000001c                _sbss = .
                0x000000002000001c                __bss_start__ = _sbss
 *(.bss)
 .bss           0x000000002000001c       0x1c c:/st/stm32cubeide_1.9.0/stm32cubeide/plugins/com.st.stm32cube.ide.mcu.externaltools.gnu-tools-for-stm32.10.3-2021.10.win32_1.0.0.202111181127/tools/bin/../lib/gcc/arm-none-eabi/10.3.1/thumb/v7e-m+fp/hard/crtbegin.o
 *(.bss*)
 .bss.hadc1     0x0000000020000038       0x48 ./Core/Src/main.o
                0x0000000020000038                hadc1
 .bss.htim9     0x0000000020000080       0x48 ./Core/Src/main.o
                0x0000000020000080                htim9
 .bss.huart2    0x00000000200000c8       0x44 ./Core/Src/main.o
                0x00000000200000c8                huart2
 .bss.huart3    0x000000002000010c       0x44 ./Core/Src/main.o
                0x000000002000010c                huart3
 .bss.dataPacketTx
                0x0000000020000150       0x40 ./Core/Src/main.o
                0x0000000020000150                dataPacketTx
 .bss.dataPacketRx
                0x0000000020000190       0x46 ./Core/Src/main.o
                0x0000000020000190                dataPacketRx
 .bss.receivedByte
                0x00000000200001d6        0x1 ./Core/Src/main.o
                0x00000000200001d6                receivedByte
 *fill*         0x00000000200001d7        0x1 
 .bss.counterTimer1
                0x00000000200001d8        0x4 ./Core/Src/main.o
                0x00000000200001d8                counterTimer1
 .bss.counterTimer2
                0x00000000200001dc        0x4 ./Core/Src/main.o
                0x00000000200001dc                counterTimer2
 .bss.counterTimer3
                0x00000000200001e0        0x4 ./Core/Src/main.o
                0x00000000200001e0                counterTimer3
 .bss.app       0x00000000200001e4       0x28 ./Core/Src/main.o
                0x00000000200001e4                app
 .bss.stateMachine
                0x000000002000020c        0x1 ./Core/Src/main.o
                0x000000002000020c                stateMachine
 *fill*         0x000000002000020d        0x3 
 .bss.uwTick    0x0000000020000210        0x4 ./Drivers/STM32F4xx_HAL_Driver/Src/stm32f4xx_hal.o
                0x0000000020000210                uwTick
 *(COMMON)
                0x0000000020000214                . = ALIGN (0x4)
                0x0000000020000214                _ebss = .
                0x0000000020000214                __bss_end__ = _ebss

._user_heap_stack
                0x0000000020000214      0x604 load address 0x0000000008004834
                0x0000000020000218                . = ALIGN (0x8)
 *fill*         0x0000000020000214        0x4 
                [!provide]                        PROVIDE (end = .)
                0x0000000020000218                PROVIDE (_end = .)
                0x0000000020000418                . = (. + _Min_Heap_Size)
 *fill*         0x0000000020000218      0x200 
                0x0000000020000818                . = (. + _Min_Stack_Size)
 *fill*         0x0000000020000418      0x400 
                0x0000000020000818                . = ALIGN (0x8)

/DISCARD/
 libc.a(*)
 libm.a(*)
 libgcc.a(*)

.ARM.attributes
                0x0000000000000000       0x30
 *(.ARM.attributes)
 .ARM.attributes
                0x0000000000000000       0x1e c:/st/stm32cubeide_1.9.0/stm32cubeide/plugins/com.st.stm32cube.ide.mcu.externaltools.gnu-tools-for-stm32.10.3-2021.10.win32_1.0.0.202111181127/tools/bin/../lib/gcc/arm-none-eabi/10.3.1/thumb/v7e-m+fp/hard/crti.o
 .ARM.attributes
                0x000000000000001e       0x34 c:/st/stm32cubeide_1.9.0/stm32cubeide/plugins/com.st.stm32cube.ide.mcu.externaltools.gnu-tools-for-stm32.10.3-2021.10.win32_1.0.0.202111181127/tools/bin/../lib/gcc/arm-none-eabi/10.3.1/thumb/v7e-m+fp/hard/crtbegin.o
 .ARM.attributes
                0x0000000000000052       0x34 ./App/Src/application.o
 .ARM.attributes
                0x0000000000000086       0x34 ./Core/Src/main.o
 .ARM.attributes
                0x00000000000000ba       0x34 ./Core/Src/stm32f4xx_hal_msp.o
 .ARM.attributes
                0x00000000000000ee       0x34 ./Core/Src/stm32f4xx_it.o
 .ARM.attributes
                0x0000000000000122       0x34 ./Core/Src/system_stm32f4xx.o
 .ARM.attributes
                0x0000000000000156       0x21 ./Core/Startup/startup_stm32f446retx.o
 .ARM.attributes
                0x0000000000000177       0x34 ./Drivers/STM32F4xx_HAL_Driver/Src/stm32f4xx_hal.o
 .ARM.attributes
                0x00000000000001ab       0x34 ./Drivers/STM32F4xx_HAL_Driver/Src/stm32f4xx_hal_adc.o
 .ARM.attributes
                0x00000000000001df       0x34 ./Drivers/STM32F4xx_HAL_Driver/Src/stm32f4xx_hal_cortex.o
 .ARM.attributes
                0x0000000000000213       0x34 ./Drivers/STM32F4xx_HAL_Driver/Src/stm32f4xx_hal_dma.o
 .ARM.attributes
                0x0000000000000247       0x34 ./Drivers/STM32F4xx_HAL_Driver/Src/stm32f4xx_hal_gpio.o
 .ARM.attributes
                0x000000000000027b       0x34 ./Drivers/STM32F4xx_HAL_Driver/Src/stm32f4xx_hal_pwr_ex.o
 .ARM.attributes
                0x00000000000002af       0x34 ./Drivers/STM32F4xx_HAL_Driver/Src/stm32f4xx_hal_rcc.o
 .ARM.attributes
                0x00000000000002e3       0x34 ./Drivers/STM32F4xx_HAL_Driver/Src/stm32f4xx_hal_rcc_ex.o
 .ARM.attributes
                0x0000000000000317       0x34 ./Drivers/STM32F4xx_HAL_Driver/Src/stm32f4xx_hal_tim.o
 .ARM.attributes
                0x000000000000034b       0x34 ./Drivers/STM32F4xx_HAL_Driver/Src/stm32f4xx_hal_tim_ex.o
 .ARM.attributes
                0x000000000000037f       0x34 ./Drivers/STM32F4xx_HAL_Driver/Src/stm32f4xx_hal_uart.o
 .ARM.attributes
                0x00000000000003b3       0x34 ./Misc/Src/crc8.o
 .ARM.attributes
                0x00000000000003e7       0x34 ./Misc/Src/dataPacketRx.o
 .ARM.attributes
                0x000000000000041b       0x34 ./Misc/Src/dataPacketTx.o
 .ARM.attributes
                0x000000000000044f       0x34 c:/st/stm32cubeide_1.9.0/stm32cubeide/plugins/com.st.stm32cube.ide.mcu.externaltools.gnu-tools-for-stm32.10.3-2021.10.win32_1.0.0.202111181127/tools/bin/../lib/gcc/arm-none-eabi/10.3.1/../../../../arm-none-eabi/lib/thumb/v7e-m+fp/hard\libc_nano.a(lib_a-init.o)
 .ARM.attributes
                0x0000000000000483       0x34 c:/st/stm32cubeide_1.9.0/stm32cubeide/plugins/com.st.stm32cube.ide.mcu.externaltools.gnu-tools-for-stm32.10.3-2021.10.win32_1.0.0.202111181127/tools/bin/../lib/gcc/arm-none-eabi/10.3.1/../../../../arm-none-eabi/lib/thumb/v7e-m+fp/hard\libc_nano.a(lib_a-memcpy-stub.o)
 .ARM.attributes
                0x00000000000004b7       0x34 c:/st/stm32cubeide_1.9.0/stm32cubeide/plugins/com.st.stm32cube.ide.mcu.externaltools.gnu-tools-for-stm32.10.3-2021.10.win32_1.0.0.202111181127/tools/bin/../lib/gcc/arm-none-eabi/10.3.1/../../../../arm-none-eabi/lib/thumb/v7e-m+fp/hard\libc_nano.a(lib_a-memset.o)
 .ARM.attributes
                0x00000000000004eb       0x1e c:/st/stm32cubeide_1.9.0/stm32cubeide/plugins/com.st.stm32cube.ide.mcu.externaltools.gnu-tools-for-stm32.10.3-2021.10.win32_1.0.0.202111181127/tools/bin/../lib/gcc/arm-none-eabi/10.3.1/thumb/v7e-m+fp/hard\libgcc.a(_aeabi_uldivmod.o)
 .ARM.attributes
                0x0000000000000509       0x34 c:/st/stm32cubeide_1.9.0/stm32cubeide/plugins/com.st.stm32cube.ide.mcu.externaltools.gnu-tools-for-stm32.10.3-2021.10.win32_1.0.0.202111181127/tools/bin/../lib/gcc/arm-none-eabi/10.3.1/thumb/v7e-m+fp/hard\libgcc.a(_udivmoddi4.o)
 .ARM.attributes
                0x000000000000053d       0x1e c:/st/stm32cubeide_1.9.0/stm32cubeide/plugins/com.st.stm32cube.ide.mcu.externaltools.gnu-tools-for-stm32.10.3-2021.10.win32_1.0.0.202111181127/tools/bin/../lib/gcc/arm-none-eabi/10.3.1/thumb/v7e-m+fp/hard\libgcc.a(_dvmd_tls.o)
 .ARM.attributes
                0x000000000000055b       0x1e c:/st/stm32cubeide_1.9.0/stm32cubeide/plugins/com.st.stm32cube.ide.mcu.externaltools.gnu-tools-for-stm32.10.3-2021.10.win32_1.0.0.202111181127/tools/bin/../lib/gcc/arm-none-eabi/10.3.1/thumb/v7e-m+fp/hard/crtn.o
OUTPUT(AdcSendRead.elf elf32-littlearm)
LOAD linker stubs
LOAD c:/st/stm32cubeide_1.9.0/stm32cubeide/plugins/com.st.stm32cube.ide.mcu.externaltools.gnu-tools-for-stm32.10.3-2021.10.win32_1.0.0.202111181127/tools/bin/../lib/gcc/arm-none-eabi/10.3.1/../../../../arm-none-eabi/lib/thumb/v7e-m+fp/hard\libc.a
LOAD c:/st/stm32cubeide_1.9.0/stm32cubeide/plugins/com.st.stm32cube.ide.mcu.externaltools.gnu-tools-for-stm32.10.3-2021.10.win32_1.0.0.202111181127/tools/bin/../lib/gcc/arm-none-eabi/10.3.1/../../../../arm-none-eabi/lib/thumb/v7e-m+fp/hard\libm.a
LOAD c:/st/stm32cubeide_1.9.0/stm32cubeide/plugins/com.st.stm32cube.ide.mcu.externaltools.gnu-tools-for-stm32.10.3-2021.10.win32_1.0.0.202111181127/tools/bin/../lib/gcc/arm-none-eabi/10.3.1/thumb/v7e-m+fp/hard\libgcc.a

.debug_info     0x0000000000000000    0x11677
 .debug_info    0x0000000000000000      0x4cf ./App/Src/application.o
 .debug_info    0x00000000000004cf     0x19b2 ./Core/Src/main.o
 .debug_info    0x0000000000001e81     0x134d ./Core/Src/stm32f4xx_hal_msp.o
 .debug_info    0x00000000000031ce      0xa0e ./Core/Src/stm32f4xx_it.o
 .debug_info    0x0000000000003bdc      0x55b ./Core/Src/system_stm32f4xx.o
 .debug_info    0x0000000000004137       0x22 ./Core/Startup/startup_stm32f446retx.o
 .debug_info    0x0000000000004159      0x9d2 ./Drivers/STM32F4xx_HAL_Driver/Src/stm32f4xx_hal.o
 .debug_info    0x0000000000004b2b      0xd70 ./Drivers/STM32F4xx_HAL_Driver/Src/stm32f4xx_hal_adc.o
 .debug_info    0x000000000000589b      0xe39 ./Drivers/STM32F4xx_HAL_Driver/Src/stm32f4xx_hal_cortex.o
 .debug_info    0x00000000000066d4      0x94f ./Drivers/STM32F4xx_HAL_Driver/Src/stm32f4xx_hal_dma.o
 .debug_info    0x0000000000007023      0x7be ./Drivers/STM32F4xx_HAL_Driver/Src/stm32f4xx_hal_gpio.o
 .debug_info    0x00000000000077e1      0x702 ./Drivers/STM32F4xx_HAL_Driver/Src/stm32f4xx_hal_pwr_ex.o
 .debug_info    0x0000000000007ee3      0x9ab ./Drivers/STM32F4xx_HAL_Driver/Src/stm32f4xx_hal_rcc.o
 .debug_info    0x000000000000888e      0x9ec ./Drivers/STM32F4xx_HAL_Driver/Src/stm32f4xx_hal_rcc_ex.o
 .debug_info    0x000000000000927a     0x2bbe ./Drivers/STM32F4xx_HAL_Driver/Src/stm32f4xx_hal_tim.o
 .debug_info    0x000000000000be38     0x15e0 ./Drivers/STM32F4xx_HAL_Driver/Src/stm32f4xx_hal_tim_ex.o
 .debug_info    0x000000000000d418     0x31bc ./Drivers/STM32F4xx_HAL_Driver/Src/stm32f4xx_hal_uart.o
 .debug_info    0x00000000000105d4      0x177 ./Misc/Src/crc8.o
 .debug_info    0x000000000001074b      0x54b ./Misc/Src/dataPacketRx.o
 .debug_info    0x0000000000010c96      0x9e1 ./Misc/Src/dataPacketTx.o

.debug_abbrev   0x0000000000000000     0x2740
 .debug_abbrev  0x0000000000000000      0x1c7 ./App/Src/application.o
 .debug_abbrev  0x00000000000001c7      0x2e9 ./Core/Src/main.o
 .debug_abbrev  0x00000000000004b0      0x1f9 ./Core/Src/stm32f4xx_hal_msp.o
 .debug_abbrev  0x00000000000006a9      0x19c ./Core/Src/stm32f4xx_it.o
 .debug_abbrev  0x0000000000000845      0x116 ./Core/Src/system_stm32f4xx.o
 .debug_abbrev  0x000000000000095b       0x12 ./Core/Startup/startup_stm32f446retx.o
 .debug_abbrev  0x000000000000096d      0x20d ./Drivers/STM32F4xx_HAL_Driver/Src/stm32f4xx_hal.o
 .debug_abbrev  0x0000000000000b7a      0x244 ./Drivers/STM32F4xx_HAL_Driver/Src/stm32f4xx_hal_adc.o
 .debug_abbrev  0x0000000000000dbe      0x316 ./Drivers/STM32F4xx_HAL_Driver/Src/stm32f4xx_hal_cortex.o
 .debug_abbrev  0x00000000000010d4      0x25b ./Drivers/STM32F4xx_HAL_Driver/Src/stm32f4xx_hal_dma.o
 .debug_abbrev  0x000000000000132f      0x1c4 ./Drivers/STM32F4xx_HAL_Driver/Src/stm32f4xx_hal_gpio.o
 .debug_abbrev  0x00000000000014f3      0x1c9 ./Drivers/STM32F4xx_HAL_Driver/Src/stm32f4xx_hal_pwr_ex.o
 .debug_abbrev  0x00000000000016bc      0x2aa ./Drivers/STM32F4xx_HAL_Driver/Src/stm32f4xx_hal_rcc.o
 .debug_abbrev  0x0000000000001966      0x1fb ./Drivers/STM32F4xx_HAL_Driver/Src/stm32f4xx_hal_rcc_ex.o
 .debug_abbrev  0x0000000000001b61      0x25d ./Drivers/STM32F4xx_HAL_Driver/Src/stm32f4xx_hal_tim.o
 .debug_abbrev  0x0000000000001dbe      0x265 ./Drivers/STM32F4xx_HAL_Driver/Src/stm32f4xx_hal_tim_ex.o
 .debug_abbrev  0x0000000000002023      0x2f4 ./Drivers/STM32F4xx_HAL_Driver/Src/stm32f4xx_hal_uart.o
 .debug_abbrev  0x0000000000002317       0xda ./Misc/Src/crc8.o
 .debug_abbrev  0x00000000000023f1      0x16c ./Misc/Src/dataPacketRx.o
 .debug_abbrev  0x000000000000255d      0x1e3 ./Misc/Src/dataPacketTx.o

.debug_aranges  0x0000000000000000      0xf78
 .debug_aranges
                0x0000000000000000       0x58 ./App/Src/application.o
 .debug_aranges
                0x0000000000000058       0x68 ./Core/Src/main.o
 .debug_aranges
                0x00000000000000c0       0x50 ./Core/Src/stm32f4xx_hal_msp.o
 .debug_aranges
                0x0000000000000110       0x70 ./Core/Src/stm32f4xx_it.o
 .debug_aranges
                0x0000000000000180       0x28 ./Core/Src/system_stm32f4xx.o
 .debug_aranges
                0x00000000000001a8       0x28 ./Core/Startup/startup_stm32f446retx.o
 .debug_aranges
                0x00000000000001d0       0xf0 ./Drivers/STM32F4xx_HAL_Driver/Src/stm32f4xx_hal.o
 .debug_aranges
                0x00000000000002c0       0xe8 ./Drivers/STM32F4xx_HAL_Driver/Src/stm32f4xx_hal_adc.o
 .debug_aranges
                0x00000000000003a8      0x118 ./Drivers/STM32F4xx_HAL_Driver/Src/stm32f4xx_hal_cortex.o
 .debug_aranges
                0x00000000000004c0       0x90 ./Drivers/STM32F4xx_HAL_Driver/Src/stm32f4xx_hal_dma.o
 .debug_aranges
                0x0000000000000550       0x58 ./Drivers/STM32F4xx_HAL_Driver/Src/stm32f4xx_hal_gpio.o
 .debug_aranges
                0x00000000000005a8       0x60 ./Drivers/STM32F4xx_HAL_Driver/Src/stm32f4xx_hal_pwr_ex.o
 .debug_aranges
                0x0000000000000608       0x88 ./Drivers/STM32F4xx_HAL_Driver/Src/stm32f4xx_hal_rcc.o
 .debug_aranges
                0x0000000000000690       0x78 ./Drivers/STM32F4xx_HAL_Driver/Src/stm32f4xx_hal_rcc_ex.o
 .debug_aranges
                0x0000000000000708      0x3d0 ./Drivers/STM32F4xx_HAL_Driver/Src/stm32f4xx_hal_tim.o
 .debug_aranges
                0x0000000000000ad8      0x168 ./Drivers/STM32F4xx_HAL_Driver/Src/stm32f4xx_hal_tim_ex.o
 .debug_aranges
                0x0000000000000c40      0x200 ./Drivers/STM32F4xx_HAL_Driver/Src/stm32f4xx_hal_uart.o
 .debug_aranges
                0x0000000000000e40       0x28 ./Misc/Src/crc8.o
 .debug_aranges
                0x0000000000000e68       0x88 ./Misc/Src/dataPacketRx.o
 .debug_aranges
                0x0000000000000ef0       0x88 ./Misc/Src/dataPacketTx.o

.debug_ranges   0x0000000000000000      0xe70
 .debug_ranges  0x0000000000000000       0x48 ./App/Src/application.o
 .debug_ranges  0x0000000000000048       0x58 ./Core/Src/main.o
 .debug_ranges  0x00000000000000a0       0x40 ./Core/Src/stm32f4xx_hal_msp.o
 .debug_ranges  0x00000000000000e0       0x60 ./Core/Src/stm32f4xx_it.o
 .debug_ranges  0x0000000000000140       0x18 ./Core/Src/system_stm32f4xx.o
 .debug_ranges  0x0000000000000158       0x20 ./Core/Startup/startup_stm32f446retx.o
 .debug_ranges  0x0000000000000178       0xe0 ./Drivers/STM32F4xx_HAL_Driver/Src/stm32f4xx_hal.o
 .debug_ranges  0x0000000000000258       0xd8 ./Drivers/STM32F4xx_HAL_Driver/Src/stm32f4xx_hal_adc.o
 .debug_ranges  0x0000000000000330      0x108 ./Drivers/STM32F4xx_HAL_Driver/Src/stm32f4xx_hal_cortex.o
 .debug_ranges  0x0000000000000438       0x80 ./Drivers/STM32F4xx_HAL_Driver/Src/stm32f4xx_hal_dma.o
 .debug_ranges  0x00000000000004b8       0x48 ./Drivers/STM32F4xx_HAL_Driver/Src/stm32f4xx_hal_gpio.o
 .debug_ranges  0x0000000000000500       0x50 ./Drivers/STM32F4xx_HAL_Driver/Src/stm32f4xx_hal_pwr_ex.o
 .debug_ranges  0x0000000000000550       0x78 ./Drivers/STM32F4xx_HAL_Driver/Src/stm32f4xx_hal_rcc.o
 .debug_ranges  0x00000000000005c8       0x68 ./Drivers/STM32F4xx_HAL_Driver/Src/stm32f4xx_hal_rcc_ex.o
 .debug_ranges  0x0000000000000630      0x3c0 ./Drivers/STM32F4xx_HAL_Driver/Src/stm32f4xx_hal_tim.o
 .debug_ranges  0x00000000000009f0      0x158 ./Drivers/STM32F4xx_HAL_Driver/Src/stm32f4xx_hal_tim_ex.o
 .debug_ranges  0x0000000000000b48      0x220 ./Drivers/STM32F4xx_HAL_Driver/Src/stm32f4xx_hal_uart.o
 .debug_ranges  0x0000000000000d68       0x18 ./Misc/Src/crc8.o
 .debug_ranges  0x0000000000000d80       0x78 ./Misc/Src/dataPacketRx.o
 .debug_ranges  0x0000000000000df8       0x78 ./Misc/Src/dataPacketTx.o

.debug_macro    0x0000000000000000    0x23f80
 .debug_macro   0x0000000000000000      0x320 ./App/Src/application.o
 .debug_macro   0x0000000000000320      0xa78 ./App/Src/application.o
 .debug_macro   0x0000000000000d98      0x2a1 ./App/Src/application.o
 .debug_macro   0x0000000000001039       0x2e ./App/Src/application.o
 .debug_macro   0x0000000000001067       0x28 ./App/Src/application.o
 .debug_macro   0x000000000000108f       0x22 ./App/Src/application.o
 .debug_macro   0x00000000000010b1       0x8e ./App/Src/application.o
 .debug_macro   0x000000000000113f       0x51 ./App/Src/application.o
 .debug_macro   0x0000000000001190      0x103 ./App/Src/application.o
 .debug_macro   0x0000000000001293       0x6a ./App/Src/application.o
 .debug_macro   0x00000000000012fd      0x1df ./App/Src/application.o
 .debug_macro   0x00000000000014dc       0x1c ./App/Src/application.o
 .debug_macro   0x00000000000014f8       0x22 ./App/Src/application.o
 .debug_macro   0x000000000000151a       0xd9 ./App/Src/application.o
 .debug_macro   0x00000000000015f3     0x102d ./App/Src/application.o
 .debug_macro   0x0000000000002620      0x11f ./App/Src/application.o
 .debug_macro   0x000000000000273f    0x16749 ./App/Src/application.o
 .debug_macro   0x0000000000018e88       0x6d ./App/Src/application.o
 .debug_macro   0x0000000000018ef5     0x367e ./App/Src/application.o
 .debug_macro   0x000000000001c573      0x174 ./App/Src/application.o
 .debug_macro   0x000000000001c6e7       0x5c ./App/Src/application.o
 .debug_macro   0x000000000001c743      0xc90 ./App/Src/application.o
 .debug_macro   0x000000000001d3d3      0x9fe ./App/Src/application.o
 .debug_macro   0x000000000001ddd1      0x115 ./App/Src/application.o
 .debug_macro   0x000000000001dee6      0x1a0 ./App/Src/application.o
 .debug_macro   0x000000000001e086       0xa5 ./App/Src/application.o
 .debug_macro   0x000000000001e12b      0x16d ./App/Src/application.o
 .debug_macro   0x000000000001e298      0x287 ./App/Src/application.o
 .debug_macro   0x000000000001e51f       0x5f ./App/Src/application.o
 .debug_macro   0x000000000001e57e      0x236 ./App/Src/application.o
 .debug_macro   0x000000000001e7b4      0xb5b ./App/Src/application.o
 .debug_macro   0x000000000001f30f      0x38b ./App/Src/application.o
 .debug_macro   0x000000000001f69a      0x17d ./App/Src/application.o
 .debug_macro   0x000000000001f817       0xf9 ./App/Src/application.o
 .debug_macro   0x000000000001f910      0x132 ./App/Src/application.o
 .debug_macro   0x000000000001fa42      0x29c ./App/Src/application.o
 .debug_macro   0x000000000001fcde       0x2e ./App/Src/application.o
 .debug_macro   0x000000000001fd0c      0x11a ./App/Src/application.o
 .debug_macro   0x000000000001fe26       0xe8 ./App/Src/application.o
 .debug_macro   0x000000000001ff0e       0x89 ./App/Src/application.o
 .debug_macro   0x000000000001ff97      0x8e6 ./App/Src/application.o
 .debug_macro   0x000000000002087d       0x4d ./App/Src/application.o
 .debug_macro   0x00000000000208ca      0x295 ./App/Src/application.o
 .debug_macro   0x0000000000020b5f      0x126 ./App/Src/application.o
 .debug_macro   0x0000000000020c85       0x40 ./App/Src/application.o
 .debug_macro   0x0000000000020cc5       0x52 ./App/Src/application.o
 .debug_macro   0x0000000000020d17       0x1e ./App/Src/application.o
 .debug_macro   0x0000000000020d35       0x3c ./App/Src/application.o
 .debug_macro   0x0000000000020d71       0x34 ./App/Src/application.o
 .debug_macro   0x0000000000020da5       0x16 ./App/Src/application.o
 .debug_macro   0x0000000000020dbb       0x43 ./App/Src/application.o
 .debug_macro   0x0000000000020dfe       0x34 ./App/Src/application.o
 .debug_macro   0x0000000000020e32       0x10 ./App/Src/application.o
 .debug_macro   0x0000000000020e42       0x58 ./App/Src/application.o
 .debug_macro   0x0000000000020e9a       0x71 ./App/Src/application.o
 .debug_macro   0x0000000000020f0b       0x1c ./App/Src/application.o
 .debug_macro   0x0000000000020f27      0x12a ./App/Src/application.o
 .debug_macro   0x0000000000021051      0x341 ./App/Src/application.o
 .debug_macro   0x0000000000021392       0x10 ./App/Src/application.o
 .debug_macro   0x00000000000213a2       0x35 ./App/Src/application.o
 .debug_macro   0x00000000000213d7       0x20 ./App/Src/application.o
 .debug_macro   0x00000000000213f7       0x28 ./App/Src/application.o
 .debug_macro   0x000000000002141f       0x2e ./App/Src/application.o
 .debug_macro   0x000000000002144d       0x28 ./App/Src/application.o
 .debug_macro   0x0000000000021475      0x315 ./Core/Src/main.o
 .debug_macro   0x000000000002178a       0x10 ./Core/Src/main.o
 .debug_macro   0x000000000002179a      0x315 ./Core/Src/stm32f4xx_hal_msp.o
 .debug_macro   0x0000000000021aaf      0x31f ./Core/Src/stm32f4xx_it.o
 .debug_macro   0x0000000000021dce      0x1f6 ./Core/Src/system_stm32f4xx.o
 .debug_macro   0x0000000000021fc4      0x256 ./Drivers/STM32F4xx_HAL_Driver/Src/stm32f4xx_hal.o
 .debug_macro   0x000000000002221a      0x1f7 ./Drivers/STM32F4xx_HAL_Driver/Src/stm32f4xx_hal_adc.o
 .debug_macro   0x0000000000022411      0x1f6 ./Drivers/STM32F4xx_HAL_Driver/Src/stm32f4xx_hal_cortex.o
 .debug_macro   0x0000000000022607      0x1fc ./Drivers/STM32F4xx_HAL_Driver/Src/stm32f4xx_hal_dma.o
 .debug_macro   0x0000000000022803      0x1fc ./Drivers/STM32F4xx_HAL_Driver/Src/stm32f4xx_hal_gpio.o
 .debug_macro   0x00000000000229ff      0x20e ./Drivers/STM32F4xx_HAL_Driver/Src/stm32f4xx_hal_pwr_ex.o
 .debug_macro   0x0000000000022c0d      0x21a ./Drivers/STM32F4xx_HAL_Driver/Src/stm32f4xx_hal_rcc.o
 .debug_macro   0x0000000000022e27      0x1f6 ./Drivers/STM32F4xx_HAL_Driver/Src/stm32f4xx_hal_rcc_ex.o
 .debug_macro   0x000000000002301d      0x1f7 ./Drivers/STM32F4xx_HAL_Driver/Src/stm32f4xx_hal_tim.o
 .debug_macro   0x0000000000023214      0x1f6 ./Drivers/STM32F4xx_HAL_Driver/Src/stm32f4xx_hal_tim_ex.o
 .debug_macro   0x000000000002340a      0x1f7 ./Drivers/STM32F4xx_HAL_Driver/Src/stm32f4xx_hal_uart.o
 .debug_macro   0x0000000000023601      0x319 ./Misc/Src/crc8.o
 .debug_macro   0x000000000002391a      0x31f ./Misc/Src/dataPacketRx.o
 .debug_macro   0x0000000000023c39       0x28 ./Misc/Src/dataPacketRx.o
 .debug_macro   0x0000000000023c61      0x31f ./Misc/Src/dataPacketTx.o

.debug_line     0x0000000000000000    0x13ba4
 .debug_line    0x0000000000000000      0xa24 ./App/Src/application.o
 .debug_line    0x0000000000000a24      0xba6 ./Core/Src/main.o
 .debug_line    0x00000000000015ca      0xa37 ./Core/Src/stm32f4xx_hal_msp.o
 .debug_line    0x0000000000002001      0xa26 ./Core/Src/stm32f4xx_it.o
 .debug_line    0x0000000000002a27      0x780 ./Core/Src/system_stm32f4xx.o
 .debug_line    0x00000000000031a7       0x88 ./Core/Startup/startup_stm32f446retx.o
 .debug_line    0x000000000000322f      0x9e6 ./Drivers/STM32F4xx_HAL_Driver/Src/stm32f4xx_hal.o
 .debug_line    0x0000000000003c15     0x1262 ./Drivers/STM32F4xx_HAL_Driver/Src/stm32f4xx_hal_adc.o
 .debug_line    0x0000000000004e77      0xc95 ./Drivers/STM32F4xx_HAL_Driver/Src/stm32f4xx_hal_cortex.o
 .debug_line    0x0000000000005b0c      0xf4a ./Drivers/STM32F4xx_HAL_Driver/Src/stm32f4xx_hal_dma.o
 .debug_line    0x0000000000006a56      0xb46 ./Drivers/STM32F4xx_HAL_Driver/Src/stm32f4xx_hal_gpio.o
 .debug_line    0x000000000000759c      0x915 ./Drivers/STM32F4xx_HAL_Driver/Src/stm32f4xx_hal_pwr_ex.o
 .debug_line    0x0000000000007eb1      0xd6c ./Drivers/STM32F4xx_HAL_Driver/Src/stm32f4xx_hal_rcc.o
 .debug_line    0x0000000000008c1d     0x13f6 ./Drivers/STM32F4xx_HAL_Driver/Src/stm32f4xx_hal_rcc_ex.o
 .debug_line    0x000000000000a013     0x36da ./Drivers/STM32F4xx_HAL_Driver/Src/stm32f4xx_hal_tim.o
 .debug_line    0x000000000000d6ed     0x19e3 ./Drivers/STM32F4xx_HAL_Driver/Src/stm32f4xx_hal_tim_ex.o
 .debug_line    0x000000000000f0d0     0x2a8b ./Drivers/STM32F4xx_HAL_Driver/Src/stm32f4xx_hal_uart.o
 .debug_line    0x0000000000011b5b      0x978 ./Misc/Src/crc8.o
 .debug_line    0x00000000000124d3      0xbd1 ./Misc/Src/dataPacketRx.o
 .debug_line    0x00000000000130a4      0xb00 ./Misc/Src/dataPacketTx.o

.debug_str      0x0000000000000000    0xdcf18
 .debug_str     0x0000000000000000    0xd866c ./App/Src/application.o
                                      0xd891c (size before relaxing)
 .debug_str     0x00000000000d866c      0xf9e ./Core/Src/main.o
                                      0xd9961 (size before relaxing)
 .debug_str     0x00000000000d960a      0x605 ./Core/Src/stm32f4xx_hal_msp.o
                                      0xd9729 (size before relaxing)
 .debug_str     0x00000000000d9c0f      0x11b ./Core/Src/stm32f4xx_it.o
                                      0xd8ef5 (size before relaxing)
 .debug_str     0x00000000000d9d2a       0xdb ./Core/Src/system_stm32f4xx.o
                                      0xd5698 (size before relaxing)
 .debug_str     0x00000000000d9e05       0x36 ./Core/Startup/startup_stm32f446retx.o
                                         0x76 (size before relaxing)
 .debug_str     0x00000000000d9e3b      0x617 ./Drivers/STM32F4xx_HAL_Driver/Src/stm32f4xx_hal.o
                                      0xd625d (size before relaxing)
 .debug_str     0x00000000000da452      0x2cb ./Drivers/STM32F4xx_HAL_Driver/Src/stm32f4xx_hal_adc.o
                                      0xd5c60 (size before relaxing)
 .debug_str     0x00000000000da71d      0x326 ./Drivers/STM32F4xx_HAL_Driver/Src/stm32f4xx_hal_cortex.o
                                      0xd5f6b (size before relaxing)
 .debug_str     0x00000000000daa43      0x2f9 ./Drivers/STM32F4xx_HAL_Driver/Src/stm32f4xx_hal_dma.o
                                      0xd5a8d (size before relaxing)
 .debug_str     0x00000000000dad3c      0x10e ./Drivers/STM32F4xx_HAL_Driver/Src/stm32f4xx_hal_gpio.o
                                      0xd5813 (size before relaxing)
 .debug_str     0x00000000000dae4a      0x135 ./Drivers/STM32F4xx_HAL_Driver/Src/stm32f4xx_hal_pwr_ex.o
                                      0xd5870 (size before relaxing)
 .debug_str     0x00000000000daf7f      0x233 ./Drivers/STM32F4xx_HAL_Driver/Src/stm32f4xx_hal_rcc.o
                                      0xd5ad1 (size before relaxing)
 .debug_str     0x00000000000db1b2      0x31c ./Drivers/STM32F4xx_HAL_Driver/Src/stm32f4xx_hal_rcc_ex.o
                                      0xd5b04 (size before relaxing)
 .debug_str     0x00000000000db4ce      0xd95 ./Drivers/STM32F4xx_HAL_Driver/Src/stm32f4xx_hal_tim.o
                                      0xd69ed (size before relaxing)
 .debug_str     0x00000000000dc263      0x503 ./Drivers/STM32F4xx_HAL_Driver/Src/stm32f4xx_hal_tim_ex.o
                                      0xd6209 (size before relaxing)
 .debug_str     0x00000000000dc766      0x5bd ./Drivers/STM32F4xx_HAL_Driver/Src/stm32f4xx_hal_uart.o
                                      0xd6046 (size before relaxing)
 .debug_str     0x00000000000dcd23       0x46 ./Misc/Src/crc8.o
                                      0xd8709 (size before relaxing)
 .debug_str     0x00000000000dcd69       0xd3 ./Misc/Src/dataPacketRx.o
                                      0xd8990 (size before relaxing)
 .debug_str     0x00000000000dce3c       0xdc ./Misc/Src/dataPacketTx.o
                                      0xd8db2 (size before relaxing)

.comment        0x0000000000000000       0x50
 .comment       0x0000000000000000       0x50 ./App/Src/application.o
                                         0x51 (size before relaxing)
 .comment       0x0000000000000050       0x51 ./Core/Src/main.o
 .comment       0x0000000000000050       0x51 ./Core/Src/stm32f4xx_hal_msp.o
 .comment       0x0000000000000050       0x51 ./Core/Src/stm32f4xx_it.o
 .comment       0x0000000000000050       0x51 ./Core/Src/system_stm32f4xx.o
 .comment       0x0000000000000050       0x51 ./Drivers/STM32F4xx_HAL_Driver/Src/stm32f4xx_hal.o
 .comment       0x0000000000000050       0x51 ./Drivers/STM32F4xx_HAL_Driver/Src/stm32f4xx_hal_adc.o
 .comment       0x0000000000000050       0x51 ./Drivers/STM32F4xx_HAL_Driver/Src/stm32f4xx_hal_cortex.o
 .comment       0x0000000000000050       0x51 ./Drivers/STM32F4xx_HAL_Driver/Src/stm32f4xx_hal_dma.o
 .comment       0x0000000000000050       0x51 ./Drivers/STM32F4xx_HAL_Driver/Src/stm32f4xx_hal_gpio.o
 .comment       0x0000000000000050       0x51 ./Drivers/STM32F4xx_HAL_Driver/Src/stm32f4xx_hal_pwr_ex.o
 .comment       0x0000000000000050       0x51 ./Drivers/STM32F4xx_HAL_Driver/Src/stm32f4xx_hal_rcc.o
 .comment       0x0000000000000050       0x51 ./Drivers/STM32F4xx_HAL_Driver/Src/stm32f4xx_hal_rcc_ex.o
 .comment       0x0000000000000050       0x51 ./Drivers/STM32F4xx_HAL_Driver/Src/stm32f4xx_hal_tim.o
 .comment       0x0000000000000050       0x51 ./Drivers/STM32F4xx_HAL_Driver/Src/stm32f4xx_hal_tim_ex.o
 .comment       0x0000000000000050       0x51 ./Drivers/STM32F4xx_HAL_Driver/Src/stm32f4xx_hal_uart.o
 .comment       0x0000000000000050       0x51 ./Misc/Src/crc8.o
 .comment       0x0000000000000050       0x51 ./Misc/Src/dataPacketRx.o
 .comment       0x0000000000000050       0x51 ./Misc/Src/dataPacketTx.o

.debug_frame    0x0000000000000000     0x40c8
 .debug_frame   0x0000000000000000      0x144 ./App/Src/application.o
 .debug_frame   0x0000000000000144      0x160 ./Core/Src/main.o
 .debug_frame   0x00000000000002a4      0x110 ./Core/Src/stm32f4xx_hal_msp.o
 .debug_frame   0x00000000000003b4      0x13c ./Core/Src/stm32f4xx_it.o
 .debug_frame   0x00000000000004f0       0x58 ./Core/Src/system_stm32f4xx.o
 .debug_frame   0x0000000000000548      0x374 ./Drivers/STM32F4xx_HAL_Driver/Src/stm32f4xx_hal.o
 .debug_frame   0x00000000000008bc      0x3fc ./Drivers/STM32F4xx_HAL_Driver/Src/stm32f4xx_hal_adc.o
 .debug_frame   0x0000000000000cb8      0x498 ./Drivers/STM32F4xx_HAL_Driver/Src/stm32f4xx_hal_cortex.o
 .debug_frame   0x0000000000001150      0x250 ./Drivers/STM32F4xx_HAL_Driver/Src/stm32f4xx_hal_dma.o
 .debug_frame   0x00000000000013a0      0x14c ./Drivers/STM32F4xx_HAL_Driver/Src/stm32f4xx_hal_gpio.o
 .debug_frame   0x00000000000014ec      0x14c ./Drivers/STM32F4xx_HAL_Driver/Src/stm32f4xx_hal_pwr_ex.o
 .debug_frame   0x0000000000001638      0x1f4 ./Drivers/STM32F4xx_HAL_Driver/Src/stm32f4xx_hal_rcc.o
 .debug_frame   0x000000000000182c      0x1e8 ./Drivers/STM32F4xx_HAL_Driver/Src/stm32f4xx_hal_rcc_ex.o
 .debug_frame   0x0000000000001a14     0x11c4 ./Drivers/STM32F4xx_HAL_Driver/Src/stm32f4xx_hal_tim.o
 .debug_frame   0x0000000000002bd8      0x638 ./Drivers/STM32F4xx_HAL_Driver/Src/stm32f4xx_hal_tim_ex.o
 .debug_frame   0x0000000000003210      0x92c ./Drivers/STM32F4xx_HAL_Driver/Src/stm32f4xx_hal_uart.o
 .debug_frame   0x0000000000003b3c       0x5c ./Misc/Src/crc8.o
 .debug_frame   0x0000000000003b98      0x228 ./Misc/Src/dataPacketRx.o
 .debug_frame   0x0000000000003dc0      0x234 ./Misc/Src/dataPacketTx.o
 .debug_frame   0x0000000000003ff4       0x2c c:/st/stm32cubeide_1.9.0/stm32cubeide/plugins/com.st.stm32cube.ide.mcu.externaltools.gnu-tools-for-stm32.10.3-2021.10.win32_1.0.0.202111181127/tools/bin/../lib/gcc/arm-none-eabi/10.3.1/../../../../arm-none-eabi/lib/thumb/v7e-m+fp/hard\libc_nano.a(lib_a-init.o)
 .debug_frame   0x0000000000004020       0x28 c:/st/stm32cubeide_1.9.0/stm32cubeide/plugins/com.st.stm32cube.ide.mcu.externaltools.gnu-tools-for-stm32.10.3-2021.10.win32_1.0.0.202111181127/tools/bin/../lib/gcc/arm-none-eabi/10.3.1/../../../../arm-none-eabi/lib/thumb/v7e-m+fp/hard\libc_nano.a(lib_a-memcpy-stub.o)
 .debug_frame   0x0000000000004048       0x20 c:/st/stm32cubeide_1.9.0/stm32cubeide/plugins/com.st.stm32cube.ide.mcu.externaltools.gnu-tools-for-stm32.10.3-2021.10.win32_1.0.0.202111181127/tools/bin/../lib/gcc/arm-none-eabi/10.3.1/../../../../arm-none-eabi/lib/thumb/v7e-m+fp/hard\libc_nano.a(lib_a-memset.o)
 .debug_frame   0x0000000000004068       0x2c c:/st/stm32cubeide_1.9.0/stm32cubeide/plugins/com.st.stm32cube.ide.mcu.externaltools.gnu-tools-for-stm32.10.3-2021.10.win32_1.0.0.202111181127/tools/bin/../lib/gcc/arm-none-eabi/10.3.1/thumb/v7e-m+fp/hard\libgcc.a(_aeabi_uldivmod.o)
 .debug_frame   0x0000000000004094       0x34 c:/st/stm32cubeide_1.9.0/stm32cubeide/plugins/com.st.stm32cube.ide.mcu.externaltools.gnu-tools-for-stm32.10.3-2021.10.win32_1.0.0.202111181127/tools/bin/../lib/gcc/arm-none-eabi/10.3.1/thumb/v7e-m+fp/hard\libgcc.a(_udivmoddi4.o)
