Archive member included to satisfy reference by file (symbol)

c:/st/stm32cubeide_1.9.0/stm32cubeide/plugins/com.st.stm32cube.ide.mcu.externaltools.gnu-tools-for-stm32.10.3-2021.10.win32_1.0.0.202111181127/tools/bin/../lib/gcc/arm-none-eabi/10.3.1/../../../../arm-none-eabi/lib/thumb/v7e-m+fp/hard\libc_nano.a(lib_a-errno.o)
                              ./Core/Src/syscalls.o (__errno)
c:/st/stm32cubeide_1.9.0/stm32cubeide/plugins/com.st.stm32cube.ide.mcu.externaltools.gnu-tools-for-stm32.10.3-2021.10.win32_1.0.0.202111181127/tools/bin/../lib/gcc/arm-none-eabi/10.3.1/../../../../arm-none-eabi/lib/thumb/v7e-m+fp/hard\libc_nano.a(lib_a-exit.o)
                              c:/st/stm32cubeide_1.9.0/stm32cubeide/plugins/com.st.stm32cube.ide.mcu.externaltools.gnu-tools-for-stm32.10.3-2021.10.win32_1.0.0.202111181127/tools/bin/../lib/gcc/arm-none-eabi/10.3.1/../../../../arm-none-eabi/lib/thumb/v7e-m+fp/hard/crt0.o (exit)
c:/st/stm32cubeide_1.9.0/stm32cubeide/plugins/com.st.stm32cube.ide.mcu.externaltools.gnu-tools-for-stm32.10.3-2021.10.win32_1.0.0.202111181127/tools/bin/../lib/gcc/arm-none-eabi/10.3.1/../../../../arm-none-eabi/lib/thumb/v7e-m+fp/hard\libc_nano.a(lib_a-impure.o)
                              c:/st/stm32cubeide_1.9.0/stm32cubeide/plugins/com.st.stm32cube.ide.mcu.externaltools.gnu-tools-for-stm32.10.3-2021.10.win32_1.0.0.202111181127/tools/bin/../lib/gcc/arm-none-eabi/10.3.1/../../../../arm-none-eabi/lib/thumb/v7e-m+fp/hard\libc_nano.a(lib_a-exit.o) (_global_impure_ptr)
c:/st/stm32cubeide_1.9.0/stm32cubeide/plugins/com.st.stm32cube.ide.mcu.externaltools.gnu-tools-for-stm32.10.3-2021.10.win32_1.0.0.202111181127/tools/bin/../lib/gcc/arm-none-eabi/10.3.1/../../../../arm-none-eabi/lib/thumb/v7e-m+fp/hard\libc_nano.a(lib_a-init.o)
                              c:/st/stm32cubeide_1.9.0/stm32cubeide/plugins/com.st.stm32cube.ide.mcu.externaltools.gnu-tools-for-stm32.10.3-2021.10.win32_1.0.0.202111181127/tools/bin/../lib/gcc/arm-none-eabi/10.3.1/../../../../arm-none-eabi/lib/thumb/v7e-m+fp/hard/crt0.o (__libc_init_array)
c:/st/stm32cubeide_1.9.0/stm32cubeide/plugins/com.st.stm32cube.ide.mcu.externaltools.gnu-tools-for-stm32.10.3-2021.10.win32_1.0.0.202111181127/tools/bin/../lib/gcc/arm-none-eabi/10.3.1/../../../../arm-none-eabi/lib/thumb/v7e-m+fp/hard\libc_nano.a(lib_a-memcpy-stub.o)
                              ./App/Src/application.o (memcpy)
c:/st/stm32cubeide_1.9.0/stm32cubeide/plugins/com.st.stm32cube.ide.mcu.externaltools.gnu-tools-for-stm32.10.3-2021.10.win32_1.0.0.202111181127/tools/bin/../lib/gcc/arm-none-eabi/10.3.1/../../../../arm-none-eabi/lib/thumb/v7e-m+fp/hard\libc_nano.a(lib_a-memset.o)
                              c:/st/stm32cubeide_1.9.0/stm32cubeide/plugins/com.st.stm32cube.ide.mcu.externaltools.gnu-tools-for-stm32.10.3-2021.10.win32_1.0.0.202111181127/tools/bin/../lib/gcc/arm-none-eabi/10.3.1/../../../../arm-none-eabi/lib/thumb/v7e-m+fp/hard/crt0.o (memset)
c:/st/stm32cubeide_1.9.0/stm32cubeide/plugins/com.st.stm32cube.ide.mcu.externaltools.gnu-tools-for-stm32.10.3-2021.10.win32_1.0.0.202111181127/tools/bin/../lib/gcc/arm-none-eabi/10.3.1/thumb/v7e-m+fp/hard\libgcc.a(_aeabi_uldivmod.o)
                              ./Drivers/STM32F4xx_HAL_Driver/Src/stm32f4xx_hal_rcc.o (__aeabi_uldivmod)
c:/st/stm32cubeide_1.9.0/stm32cubeide/plugins/com.st.stm32cube.ide.mcu.externaltools.gnu-tools-for-stm32.10.3-2021.10.win32_1.0.0.202111181127/tools/bin/../lib/gcc/arm-none-eabi/10.3.1/thumb/v7e-m+fp/hard\libgcc.a(_udivmoddi4.o)
                              c:/st/stm32cubeide_1.9.0/stm32cubeide/plugins/com.st.stm32cube.ide.mcu.externaltools.gnu-tools-for-stm32.10.3-2021.10.win32_1.0.0.202111181127/tools/bin/../lib/gcc/arm-none-eabi/10.3.1/thumb/v7e-m+fp/hard\libgcc.a(_aeabi_uldivmod.o) (__udivmoddi4)
c:/st/stm32cubeide_1.9.0/stm32cubeide/plugins/com.st.stm32cube.ide.mcu.externaltools.gnu-tools-for-stm32.10.3-2021.10.win32_1.0.0.202111181127/tools/bin/../lib/gcc/arm-none-eabi/10.3.1/thumb/v7e-m+fp/hard\libgcc.a(_dvmd_tls.o)
                              c:/st/stm32cubeide_1.9.0/stm32cubeide/plugins/com.st.stm32cube.ide.mcu.externaltools.gnu-tools-for-stm32.10.3-2021.10.win32_1.0.0.202111181127/tools/bin/../lib/gcc/arm-none-eabi/10.3.1/thumb/v7e-m+fp/hard\libgcc.a(_aeabi_uldivmod.o) (__aeabi_ldiv0)

Discarded input sections

 .text          0x0000000000000000        0x0 c:/st/stm32cubeide_1.9.0/stm32cubeide/plugins/com.st.stm32cube.ide.mcu.externaltools.gnu-tools-for-stm32.10.3-2021.10.win32_1.0.0.202111181127/tools/bin/../lib/gcc/arm-none-eabi/10.3.1/thumb/v7e-m+fp/hard/crti.o
 .data          0x0000000000000000        0x0 c:/st/stm32cubeide_1.9.0/stm32cubeide/plugins/com.st.stm32cube.ide.mcu.externaltools.gnu-tools-for-stm32.10.3-2021.10.win32_1.0.0.202111181127/tools/bin/../lib/gcc/arm-none-eabi/10.3.1/thumb/v7e-m+fp/hard/crti.o
[...]
Memory Configuration

Name             Origin             Length             Attributes
RAM              0x0000000020000000 0x0000000000020000 xrw
FLASH            0x0000000008000000 0x0000000000080000 xr
*default*        0x0000000000000000 0xffffffffffffffff

Linker script and memory map

LOAD c:/st/stm32cubeide_1.9.0/stm32cubeide/plugins/com.st.stm32cube.ide.mcu.externaltools.gnu-tools-for-stm32.10.3-2021.10.win32_1.0.0.202111181127/tools/bin/../lib/gcc/arm-none-eabi/10.3.1/thumb/v7e-m+fp/hard/crti.o
LOAD c:/st/stm32cubeide_1.9.0/stm32cubeide/plugins/com.st.stm32cube.ide.mcu.externaltools.gnu-tools-for-stm32.10.3-2021.10.win32_1.0.0.202111181127/tools/bin/../lib/gcc/arm-none-eabi/10.3.1/thumb/v7e-m+fp/hard/crtbegin.o
LOAD c:/st/stm32cubeide_1.9.0/stm32cubeide/plugins/com.st.stm32cube.ide.mcu.externaltools.gnu-tools-for-stm32.10.3-2021.10.win32_1.0.0.202111181127/tools/bin/../lib/gcc/arm-none-eabi/10.3.1/../../../../arm-none-eabi/lib/thumb/v7e-m+fp/hard/crt0.o
LOAD ./App/Src/application.o
LOAD ./Core/Src/main.o
LOAD ./Core/Src/stm32f4xx_hal_msp.o
LOAD ./Core/Src/stm32f4xx_it.o
LOAD ./Core/Src/syscalls.o
LOAD ./Core/Src/sysmem.o
LOAD ./Core/Src/system_stm32f4xx.o
LOAD ./Core/Startup/startup_stm32f446retx.o
LOAD ./Drivers/STM32F4xx_HAL_Driver/Src/stm32f4xx_hal.o
LOAD ./Drivers/STM32F4xx_HAL_Driver/Src/stm32f4xx_hal_adc.o
LOAD ./Drivers/STM32F4xx_HAL_Driver/Src/stm32f4xx_hal_adc_ex.o
LOAD ./Drivers/STM32F4xx_HAL_Driver/Src/stm32f4xx_hal_cortex.o
LOAD ./Drivers/STM32F4xx_HAL_Driver/Src/stm32f4xx_hal_dma.o
LOAD ./Drivers/STM32F4xx_HAL_Driver/Src/stm32f4xx_hal_dma_ex.o
LOAD ./Drivers/STM32F4xx_HAL_Driver/Src/stm32f4xx_hal_exti.o
LOAD ./Drivers/STM32F4xx_HAL_Driver/Src/stm32f4xx_hal_flash.o
LOAD ./Drivers/STM32F4xx_HAL_Driver/Src/stm32f4xx_hal_flash_ex.o
LOAD ./Drivers/STM32F4xx_HAL_Driver/Src/stm32f4xx_hal_flash_ramfunc.o
LOAD ./Drivers/STM32F4xx_HAL_Driver/Src/stm32f4xx_hal_gpio.o
LOAD ./Drivers/STM32F4xx_HAL_Driver/Src/stm32f4xx_hal_pwr.o
LOAD ./Drivers/STM32F4xx_HAL_Driver/Src/stm32f4xx_hal_pwr_ex.o
LOAD ./Drivers/STM32F4xx_HAL_Driver/Src/stm32f4xx_hal_rcc.o
LOAD ./Drivers/STM32F4xx_HAL_Driver/Src/stm32f4xx_hal_rcc_ex.o
LOAD ./Drivers/STM32F4xx_HAL_Driver/Src/stm32f4xx_hal_tim.o
LOAD ./Drivers/STM32F4xx_HAL_Driver/Src/stm32f4xx_hal_tim_ex.o
LOAD ./Drivers/STM32F4xx_HAL_Driver/Src/stm32f4xx_hal_uart.o
LOAD ./Drivers/STM32F4xx_HAL_Driver/Src/stm32f4xx_ll_adc.o
LOAD ./Misc/Src/crc8.o
LOAD ./Misc/Src/dataPacketRx.o
LOAD ./Misc/Src/dataPacketTx.o
START GROUP
LOAD c:/st/stm32cubeide_1.9.0/stm32cubeide/plugins/com.st.stm32cube.ide.mcu.externaltools.gnu-tools-for-stm32.10.3-2021.10.win32_1.0.0.202111181127/tools/bin/../lib/gcc/arm-none-eabi/10.3.1/../../../../arm-none-eabi/lib/thumb/v7e-m+fp/hard\libc_nano.a
LOAD c:/st/stm32cubeide_1.9.0/stm32cubeide/plugins/com.st.stm32cube.ide.mcu.externaltools.gnu-tools-for-stm32.10.3-2021.10.win32_1.0.0.202111181127/tools/bin/../lib/gcc/arm-none-eabi/10.3.1/../../../../arm-none-eabi/lib/thumb/v7e-m+fp/hard\libm.a
END GROUP
START GROUP
LOAD c:/st/stm32cubeide_1.9.0/stm32cubeide/plugins/com.st.stm32cube.ide.mcu.externaltools.gnu-tools-for-stm32.10.3-2021.10.win32_1.0.0.202111181127/tools/bin/../lib/gcc/arm-none-eabi/10.3.1/thumb/v7e-m+fp/hard\libgcc.a
LOAD c:/st/stm32cubeide_1.9.0/stm32cubeide/plugins/com.st.stm32cube.ide.mcu.externaltools.gnu-tools-for-stm32.10.3-2021.10.win32_1.0.0.202111181127/tools/bin/../lib/gcc/arm-none-eabi/10.3.1/../../../../arm-none-eabi/lib/thumb/v7e-m+fp/hard\libc_nano.a
END GROUP
START GROUP
LOAD c:/st/stm32cubeide_1.9.0/stm32cubeide/plugins/com.st.stm32cube.ide.mcu.externaltools.gnu-tools-for-stm32.10.3-2021.10.win32_1.0.0.202111181127/tools/bin/../lib/gcc/arm-none-eabi/10.3.1/thumb/v7e-m+fp/hard\libgcc.a
LOAD c:/st/stm32cubeide_1.9.0/stm32cubeide/plugins/com.st.stm32cube.ide.mcu.externaltools.gnu-tools-for-stm32.10.3-2021.10.win32_1.0.0.202111181127/tools/bin/../lib/gcc/arm-none-eabi/10.3.1/../../../../arm-none-eabi/lib/thumb/v7e-m+fp/hard\libc_nano.a
LOAD c:/st/stm32cubeide_1.9.0/stm32cubeide/plugins/com.st.stm32cube.ide.mcu.externaltools.gnu-tools-for-stm32.10.3-2021.10.win32_1.0.0.202111181127/tools/bin/../lib/gcc/arm-none-eabi/10.3.1/../../../../arm-none-eabi/lib/thumb/v7e-m+fp/hard\libnosys.a
END GROUP
START GROUP
LOAD c:/st/stm32cubeide_1.9.0/stm32cubeide/plugins/com.st.stm32cube.ide.mcu.externaltools.gnu-tools-for-stm32.10.3-2021.10.win32_1.0.0.202111181127/tools/bin/../lib/gcc/arm-none-eabi/10.3.1/thumb/v7e-m+fp/hard\libgcc.a
LOAD c:/st/stm32cubeide_1.9.0/stm32cubeide/plugins/com.st.stm32cube.ide.mcu.externaltools.gnu-tools-for-stm32.10.3-2021.10.win32_1.0.0.202111181127/tools/bin/../lib/gcc/arm-none-eabi/10.3.1/../../../../arm-none-eabi/lib/thumb/v7e-m+fp/hard\libc_nano.a
LOAD c:/st/stm32cubeide_1.9.0/stm32cubeide/plugins/com.st.stm32cube.ide.mcu.externaltools.gnu-tools-for-stm32.10.3-2021.10.win32_1.0.0.202111181127/tools/bin/../lib/gcc/arm-none-eabi/10.3.1/../../../../arm-none-eabi/lib/thumb/v7e-m+fp/hard\libnosys.a
END GROUP
LOAD c:/st/stm32cubeide_1.9.0/stm32cubeide/plugins/com.st.stm32cube.ide.mcu.externaltools.gnu-tools-for-stm32.10.3-2021.10.win32_1.0.0.202111181127/tools/bin/../lib/gcc/arm-none-eabi/10.3.1/thumb/v7e-m+fp/hard/crtend.o
LOAD c:/st/stm32cubeide_1.9.0/stm32cubeide/plugins/com.st.stm32cube.ide.mcu.externaltools.gnu-tools-for-stm32.10.3-2021.10.win32_1.0.0.202111181127/tools/bin/../lib/gcc/arm-none-eabi/10.3.1/thumb/v7e-m+fp/hard/crtn.o
                0x0000000020020000                _estack = (ORIGIN (RAM) + LENGTH (RAM))
                0x0000000000000200                _Min_Heap_Size = 0x200
                0x0000000000000400                _Min_Stack_Size = 0x400

.isr_vector     0x0000000008000000      0x1c4
                0x0000000008000000                . = ALIGN (0x4)
 *(.isr_vector)
 .isr_vector    0x0000000008000000      0x1c4 ./Core/Startup/startup_stm32f446retx.o
                0x0000000008000000                g_pfnVectors
                0x00000000080001c4                . = ALIGN (0x4)

.text           0x00000000080001c4     0x49d4
                0x00000000080001c4                . = ALIGN (0x4)
 *(.text)
 .text          0x00000000080001c4       0x40 c:/st/stm32cubeide_1.9.0/stm32cubeide/plugins/com.st.stm32cube.ide.mcu.externaltools.gnu-tools-for-stm32.10.3-2021.10.win32_1.0.0.202111181127/tools/bin/../lib/gcc/arm-none-eabi/10.3.1/thumb/v7e-m+fp/hard/crtbegin.o
 .text          0x0000000008000204       0x30 c:/st/stm32cubeide_1.9.0/stm32cubeide/plugins/com.st.stm32cube.ide.mcu.externaltools.gnu-tools-for-stm32.10.3-2021.10.win32_1.0.0.202111181127/tools/bin/../lib/gcc/arm-none-eabi/10.3.1/thumb/v7e-m+fp/hard\libgcc.a(_aeabi_uldivmod.o)
                0x0000000008000204                __aeabi_uldivmod
 .text          0x0000000008000234      0x2d0 c:/st/stm32cubeide_1.9.0/stm32cubeide/plugins/com.st.stm32cube.ide.mcu.externaltools.gnu-tools-for-stm32.10.3-2021.10.win32_1.0.0.202111181127/tools/bin/../lib/gcc/arm-none-eabi/10.3.1/thumb/v7e-m+fp/hard\libgcc.a(_udivmoddi4.o)
                0x0000000008000234                __udivmoddi4
 .text          0x0000000008000504        0x4 c:/st/stm32cubeide_1.9.0/stm32cubeide/plugins/com.st.stm32cube.ide.mcu.externaltools.gnu-tools-for-stm32.10.3-2021.10.win32_1.0.0.202111181127/tools/bin/../lib/gcc/arm-none-eabi/10.3.1/thumb/v7e-m+fp/hard\libgcc.a(_dvmd_tls.o)
                0x0000000008000504                __aeabi_idiv0
                0x0000000008000504                __aeabi_ldiv0
 *(.text*)
 .text.applicationInit
                0x0000000008000508       0x68 ./App/Src/application.o
                0x0000000008000508                applicationInit
 .text.applicationDecodeCommand
                0x0000000008000570       0x98 ./App/Src/application.o
                0x0000000008000570                applicationDecodeCommand
 .text.applicationExecuteBlinkLed
                0x0000000008000608       0x3a ./App/Src/application.o
                0x0000000008000608                applicationExecuteBlinkLed
 .text.applicationGetBlinkDelay
                0x0000000008000642       0x18 ./App/Src/application.o
                0x0000000008000642                applicationGetBlinkDelay
 .text.applicationSetCommand
                0x000000000800065a       0x1e ./App/Src/application.o
                0x000000000800065a                applicationSetCommand
 .text.applicationSetDecodeStatus
                0x0000000008000678       0x1e ./App/Src/application.o
                0x0000000008000678                applicationSetDecodeStatus
 .text.applicationGetDecodeStatus
                0x0000000008000696       0x18 ./App/Src/application.o
                0x0000000008000696                applicationGetDecodeStatus
 .text.applicationSetData
                0x00000000080006ae       0x32 ./App/Src/application.o
                0x00000000080006ae                applicationSetData
 .text.applicationSetAdcReadCompleteStatus
                0x00000000080006e0       0x20 ./App/Src/application.o
                0x00000000080006e0                applicationSetAdcReadCompleteStatus
 .text.applicationGetAdcReadCompleteStatus
                0x0000000008000700       0x1a ./App/Src/application.o
                0x0000000008000700                applicationGetAdcReadCompleteStatus
 .text.applicationGetEnableSendAdcRead
                0x000000000800071a       0x1a ./App/Src/application.o
                0x000000000800071a                applicationGetEnableSendAdcRead
 .text.applicationSetAdcValue
                0x0000000008000734       0x1e ./App/Src/application.o
                0x0000000008000734                applicationSetAdcValue
 .text.applicationGetAdcValue
                0x0000000008000752       0x18 ./App/Src/application.o
                0x0000000008000752                applicationGetAdcValue
 *fill*         0x000000000800076a        0x2 
 .text.HAL_TIM_PeriodElapsedCallback
                0x000000000800076c       0x58 ./Core/Src/main.o
                0x000000000800076c                HAL_TIM_PeriodElapsedCallback
 .text.HAL_UART_RxCpltCallback
                0x00000000080007c4       0x40 ./Core/Src/main.o
                0x00000000080007c4                HAL_UART_RxCpltCallback
 .text.main     0x0000000008000804      0x260 ./Core/Src/main.o
                0x0000000008000804                main
 .text.SystemClock_Config
                0x0000000008000a64       0xe4 ./Core/Src/main.o
                0x0000000008000a64                SystemClock_Config
 .text.MX_ADC1_Init
                0x0000000008000b48       0xa4 ./Core/Src/main.o
 .text.MX_TIM9_Init
                0x0000000008000bec       0x74 ./Core/Src/main.o
 .text.MX_USART2_UART_Init
                0x0000000008000c60       0x54 ./Core/Src/main.o
 .text.MX_USART3_UART_Init
                0x0000000008000cb4       0x54 ./Core/Src/main.o
 .text.MX_GPIO_Init
                0x0000000008000d08       0xa4 ./Core/Src/main.o
 .text.Error_Handler
                0x0000000008000dac        0xa ./Core/Src/main.o
                0x0000000008000dac                Error_Handler
 *fill*         0x0000000008000db6        0x2 
 .text.HAL_MspInit
                0x0000000008000db8       0x50 ./Core/Src/stm32f4xx_hal_msp.o
                0x0000000008000db8                HAL_MspInit
 .text.HAL_ADC_MspInit
                0x0000000008000e08       0x88 ./Core/Src/stm32f4xx_hal_msp.o
                0x0000000008000e08                HAL_ADC_MspInit
 .text.HAL_TIM_Base_MspInit
                0x0000000008000e90       0x50 ./Core/Src/stm32f4xx_hal_msp.o
                0x0000000008000e90                HAL_TIM_Base_MspInit
 .text.HAL_UART_MspInit
                0x0000000008000ee0      0x10c ./Core/Src/stm32f4xx_hal_msp.o
                0x0000000008000ee0                HAL_UART_MspInit
 .text.NMI_Handler
                0x0000000008000fec        0x6 ./Core/Src/stm32f4xx_it.o
                0x0000000008000fec                NMI_Handler
 .text.HardFault_Handler
                0x0000000008000ff2        0x6 ./Core/Src/stm32f4xx_it.o
                0x0000000008000ff2                HardFault_Handler
 .text.MemManage_Handler
                0x0000000008000ff8        0x6 ./Core/Src/stm32f4xx_it.o
                0x0000000008000ff8                MemManage_Handler
 .text.BusFault_Handler
                0x0000000008000ffe        0x6 ./Core/Src/stm32f4xx_it.o
                0x0000000008000ffe                BusFault_Handler
 .text.UsageFault_Handler
                0x0000000008001004        0x6 ./Core/Src/stm32f4xx_it.o
                0x0000000008001004                UsageFault_Handler
 .text.SVC_Handler
                0x000000000800100a        0xe ./Core/Src/stm32f4xx_it.o
                0x000000000800100a                SVC_Handler
 .text.DebugMon_Handler
                0x0000000008001018        0xe ./Core/Src/stm32f4xx_it.o
                0x0000000008001018                DebugMon_Handler
 .text.PendSV_Handler
                0x0000000008001026        0xe ./Core/Src/stm32f4xx_it.o
                0x0000000008001026                PendSV_Handler
 .text.SysTick_Handler
                0x0000000008001034        0xc ./Core/Src/stm32f4xx_it.o
                0x0000000008001034                SysTick_Handler
 .text.TIM1_BRK_TIM9_IRQHandler
                0x0000000008001040       0x14 ./Core/Src/stm32f4xx_it.o
                0x0000000008001040                TIM1_BRK_TIM9_IRQHandler
 .text.USART2_IRQHandler
                0x0000000008001054       0x14 ./Core/Src/stm32f4xx_it.o
                0x0000000008001054                USART2_IRQHandler
 .text.SystemInit
                0x0000000008001068       0x24 ./Core/Src/system_stm32f4xx.o
                0x0000000008001068                SystemInit
 .text.Reset_Handler
                0x000000000800108c       0x50 ./Core/Startup/startup_stm32f446retx.o
                0x000000000800108c                Reset_Handler
 .text.Default_Handler
                0x00000000080010dc        0x2 ./Core/Startup/startup_stm32f446retx.o
                0x00000000080010dc                RTC_Alarm_IRQHandler
                0x00000000080010dc                EXTI2_IRQHandler
                0x00000000080010dc                TIM8_CC_IRQHandler
                0x00000000080010dc                FMPI2C1_EV_IRQHandler
                0x00000000080010dc                SPI4_IRQHandler
                0x00000000080010dc                TIM1_CC_IRQHandler
                0x00000000080010dc                DMA2_Stream5_IRQHandler
                0x00000000080010dc                DMA1_Stream5_IRQHandler
                0x00000000080010dc                PVD_IRQHandler
                0x00000000080010dc                SDIO_IRQHandler
                0x00000000080010dc                TAMP_STAMP_IRQHandler
                0x00000000080010dc                CAN2_RX1_IRQHandler
                0x00000000080010dc                EXTI3_IRQHandler
                0x00000000080010dc                TIM8_TRG_COM_TIM14_IRQHandler
                0x00000000080010dc                TIM1_UP_TIM10_IRQHandler
                0x00000000080010dc                TIM8_UP_TIM13_IRQHandler
                0x00000000080010dc                I2C3_ER_IRQHandler
                0x00000000080010dc                EXTI0_IRQHandler
                0x00000000080010dc                I2C2_EV_IRQHandler
                0x00000000080010dc                DMA1_Stream2_IRQHandler
                0x00000000080010dc                CAN1_RX0_IRQHandler
                0x00000000080010dc                FPU_IRQHandler
                0x00000000080010dc                OTG_HS_WKUP_IRQHandler
                0x00000000080010dc                CAN2_SCE_IRQHandler
                0x00000000080010dc                DMA2_Stream2_IRQHandler
                0x00000000080010dc                SPI1_IRQHandler
                0x00000000080010dc                TIM6_DAC_IRQHandler
                0x00000000080010dc                DCMI_IRQHandler
                0x00000000080010dc                CAN2_RX0_IRQHandler
                0x00000000080010dc                DMA2_Stream3_IRQHandler
                0x00000000080010dc                SAI2_IRQHandler
                0x00000000080010dc                USART6_IRQHandler
                0x00000000080010dc                USART3_IRQHandler
                0x00000000080010dc                CAN1_RX1_IRQHandler
                0x00000000080010dc                UART5_IRQHandler
                0x00000000080010dc                DMA2_Stream0_IRQHandler
                0x00000000080010dc                TIM4_IRQHandler
                0x00000000080010dc                QUADSPI_IRQHandler
                0x00000000080010dc                I2C1_EV_IRQHandler
                0x00000000080010dc                DMA1_Stream6_IRQHandler
                0x00000000080010dc                DMA1_Stream1_IRQHandler
                0x00000000080010dc                UART4_IRQHandler
                0x00000000080010dc                TIM3_IRQHandler
                0x00000000080010dc                RCC_IRQHandler
                0x00000000080010dc                TIM8_BRK_TIM12_IRQHandler
                0x00000000080010dc                Default_Handler
                0x00000000080010dc                CEC_IRQHandler
                0x00000000080010dc                EXTI15_10_IRQHandler
                0x00000000080010dc                ADC_IRQHandler
                0x00000000080010dc                DMA1_Stream7_IRQHandler
                0x00000000080010dc                TIM7_IRQHandler
                0x00000000080010dc                CAN2_TX_IRQHandler
                0x00000000080010dc                TIM5_IRQHandler
                0x00000000080010dc                DMA2_Stream7_IRQHandler
                0x00000000080010dc                I2C3_EV_IRQHandler
                0x00000000080010dc                EXTI9_5_IRQHandler
                0x00000000080010dc                RTC_WKUP_IRQHandler
                0x00000000080010dc                SPDIF_RX_IRQHandler
                0x00000000080010dc                SPI2_IRQHandler
                0x00000000080010dc                OTG_HS_EP1_IN_IRQHandler
                0x00000000080010dc                DMA1_Stream0_IRQHandler
                0x00000000080010dc                CAN1_TX_IRQHandler
                0x00000000080010dc                FMPI2C1_ER_IRQHandler
                0x00000000080010dc                EXTI4_IRQHandler
                0x00000000080010dc                OTG_HS_EP1_OUT_IRQHandler
                0x00000000080010dc                WWDG_IRQHandler
                0x00000000080010dc                TIM2_IRQHandler
                0x00000000080010dc                OTG_FS_WKUP_IRQHandler
                0x00000000080010dc                TIM1_TRG_COM_TIM11_IRQHandler
                0x00000000080010dc                OTG_HS_IRQHandler
                0x00000000080010dc                EXTI1_IRQHandler
                0x00000000080010dc                I2C2_ER_IRQHandler
                0x00000000080010dc                DMA2_Stream1_IRQHandler
                0x00000000080010dc                CAN1_SCE_IRQHandler
                0x00000000080010dc                FLASH_IRQHandler
                0x00000000080010dc                DMA2_Stream4_IRQHandler
                0x00000000080010dc                USART1_IRQHandler
                0x00000000080010dc                OTG_FS_IRQHandler
                0x00000000080010dc                SPI3_IRQHandler
                0x00000000080010dc                DMA1_Stream4_IRQHandler
                0x00000000080010dc                I2C1_ER_IRQHandler
                0x00000000080010dc                FMC_IRQHandler
                0x00000000080010dc                DMA2_Stream6_IRQHandler
                0x00000000080010dc                SAI1_IRQHandler
                0x00000000080010dc                DMA1_Stream3_IRQHandler
 *fill*         0x00000000080010de        0x2 
 .text.HAL_Init
                0x00000000080010e0       0x44 ./Drivers/STM32F4xx_HAL_Driver/Src/stm32f4xx_hal.o
                0x00000000080010e0                HAL_Init
 .text.HAL_InitTick
                0x0000000008001124       0x60 ./Drivers/STM32F4xx_HAL_Driver/Src/stm32f4xx_hal.o
                0x0000000008001124                HAL_InitTick
 .text.HAL_IncTick
                0x0000000008001184       0x28 ./Drivers/STM32F4xx_HAL_Driver/Src/stm32f4xx_hal.o
                0x0000000008001184                HAL_IncTick
 .text.HAL_GetTick
                0x00000000080011ac       0x18 ./Drivers/STM32F4xx_HAL_Driver/Src/stm32f4xx_hal.o
                0x00000000080011ac                HAL_GetTick
 .text.HAL_ADC_Init
                0x00000000080011c4       0x86 ./Drivers/STM32F4xx_HAL_Driver/Src/stm32f4xx_hal_adc.o
                0x00000000080011c4                HAL_ADC_Init
 *fill*         0x000000000800124a        0x2 
 .text.HAL_ADC_Start
                0x000000000800124c      0x1a4 ./Drivers/STM32F4xx_HAL_Driver/Src/stm32f4xx_hal_adc.o
                0x000000000800124c                HAL_ADC_Start
 .text.HAL_ADC_Stop
                0x00000000080013f0       0x66 ./Drivers/STM32F4xx_HAL_Driver/Src/stm32f4xx_hal_adc.o
                0x00000000080013f0                HAL_ADC_Stop
 .text.HAL_ADC_PollForConversion
                0x0000000008001456      0x116 ./Drivers/STM32F4xx_HAL_Driver/Src/stm32f4xx_hal_adc.o
                0x0000000008001456                HAL_ADC_PollForConversion
 .text.HAL_ADC_GetValue
                0x000000000800156c       0x1a ./Drivers/STM32F4xx_HAL_Driver/Src/stm32f4xx_hal_adc.o
                0x000000000800156c                HAL_ADC_GetValue
 *fill*         0x0000000008001586        0x2 
 .text.HAL_ADC_ConfigChannel
                0x0000000008001588      0x264 ./Drivers/STM32F4xx_HAL_Driver/Src/stm32f4xx_hal_adc.o
                0x0000000008001588                HAL_ADC_ConfigChannel
 .text.ADC_Init
                0x00000000080017ec      0x1f8 ./Drivers/STM32F4xx_HAL_Driver/Src/stm32f4xx_hal_adc.o
 .text.__NVIC_SetPriorityGrouping
                0x00000000080019e4       0x48 ./Drivers/STM32F4xx_HAL_Driver/Src/stm32f4xx_hal_cortex.o
 .text.__NVIC_GetPriorityGrouping
                0x0000000008001a2c       0x1c ./Drivers/STM32F4xx_HAL_Driver/Src/stm32f4xx_hal_cortex.o
 .text.__NVIC_EnableIRQ
                0x0000000008001a48       0x3c ./Drivers/STM32F4xx_HAL_Driver/Src/stm32f4xx_hal_cortex.o
 .text.__NVIC_SetPriority
                0x0000000008001a84       0x54 ./Drivers/STM32F4xx_HAL_Driver/Src/stm32f4xx_hal_cortex.o
 .text.NVIC_EncodePriority
                0x0000000008001ad8       0x66 ./Drivers/STM32F4xx_HAL_Driver/Src/stm32f4xx_hal_cortex.o
 *fill*         0x0000000008001b3e        0x2 
 .text.SysTick_Config
                0x0000000008001b40       0x44 ./Drivers/STM32F4xx_HAL_Driver/Src/stm32f4xx_hal_cortex.o
 .text.HAL_NVIC_SetPriorityGrouping
                0x0000000008001b84       0x16 ./Drivers/STM32F4xx_HAL_Driver/Src/stm32f4xx_hal_cortex.o
                0x0000000008001b84                HAL_NVIC_SetPriorityGrouping
 .text.HAL_NVIC_SetPriority
                0x0000000008001b9a       0x38 ./Drivers/STM32F4xx_HAL_Driver/Src/stm32f4xx_hal_cortex.o
                0x0000000008001b9a                HAL_NVIC_SetPriority
 .text.HAL_NVIC_EnableIRQ
                0x0000000008001bd2       0x1c ./Drivers/STM32F4xx_HAL_Driver/Src/stm32f4xx_hal_cortex.o
                0x0000000008001bd2                HAL_NVIC_EnableIRQ
 .text.HAL_SYSTICK_Config
                0x0000000008001bee       0x18 ./Drivers/STM32F4xx_HAL_Driver/Src/stm32f4xx_hal_cortex.o
                0x0000000008001bee                HAL_SYSTICK_Config
 .text.HAL_DMA_Abort
                0x0000000008001c06       0xe0 ./Drivers/STM32F4xx_HAL_Driver/Src/stm32f4xx_hal_dma.o
                0x0000000008001c06                HAL_DMA_Abort
 .text.HAL_DMA_Abort_IT
                0x0000000008001ce6       0x44 ./Drivers/STM32F4xx_HAL_Driver/Src/stm32f4xx_hal_dma.o
                0x0000000008001ce6                HAL_DMA_Abort_IT
 *fill*         0x0000000008001d2a        0x2 
 .text.HAL_GPIO_Init
                0x0000000008001d2c      0x328 ./Drivers/STM32F4xx_HAL_Driver/Src/stm32f4xx_hal_gpio.o
                0x0000000008001d2c                HAL_GPIO_Init
 .text.HAL_GPIO_WritePin
                0x0000000008002054       0x32 ./Drivers/STM32F4xx_HAL_Driver/Src/stm32f4xx_hal_gpio.o
                0x0000000008002054                HAL_GPIO_WritePin
 .text.HAL_GPIO_TogglePin
                0x0000000008002086       0x34 ./Drivers/STM32F4xx_HAL_Driver/Src/stm32f4xx_hal_gpio.o
                0x0000000008002086                HAL_GPIO_TogglePin
 *fill*         0x00000000080020ba        0x2 
 .text.HAL_PWREx_EnableOverDrive
                0x00000000080020bc       0xa0 ./Drivers/STM32F4xx_HAL_Driver/Src/stm32f4xx_hal_pwr_ex.o
                0x00000000080020bc                HAL_PWREx_EnableOverDrive
 .text.HAL_RCC_ClockConfig
                0x000000000800215c      0x1cc ./Drivers/STM32F4xx_HAL_Driver/Src/stm32f4xx_hal_rcc.o
                0x000000000800215c                HAL_RCC_ClockConfig
 .text.HAL_RCC_GetHCLKFreq
                0x0000000008002328       0x18 ./Drivers/STM32F4xx_HAL_Driver/Src/stm32f4xx_hal_rcc.o
                0x0000000008002328                HAL_RCC_GetHCLKFreq
 .text.HAL_RCC_GetPCLK1Freq
                0x0000000008002340       0x28 ./Drivers/STM32F4xx_HAL_Driver/Src/stm32f4xx_hal_rcc.o
                0x0000000008002340                HAL_RCC_GetPCLK1Freq
 .text.HAL_RCC_GetPCLK2Freq
                0x0000000008002368       0x28 ./Drivers/STM32F4xx_HAL_Driver/Src/stm32f4xx_hal_rcc.o
                0x0000000008002368                HAL_RCC_GetPCLK2Freq
 .text.HAL_RCC_GetSysClockFreq
                0x0000000008002390      0x354 ./Drivers/STM32F4xx_HAL_Driver/Src/stm32f4xx_hal_rcc_ex.o
                0x0000000008002390                HAL_RCC_GetSysClockFreq
 .text.HAL_RCC_OscConfig
                0x00000000080026e4      0x53c ./Drivers/STM32F4xx_HAL_Driver/Src/stm32f4xx_hal_rcc_ex.o
                0x00000000080026e4                HAL_RCC_OscConfig
 .text.HAL_TIM_Base_Init
                0x0000000008002c20       0x9e ./Drivers/STM32F4xx_HAL_Driver/Src/stm32f4xx_hal_tim.o
                0x0000000008002c20                HAL_TIM_Base_Init
 *fill*         0x0000000008002cbe        0x2 
 .text.HAL_TIM_Base_Start_IT
                0x0000000008002cc0       0xe0 ./Drivers/STM32F4xx_HAL_Driver/Src/stm32f4xx_hal_tim.o
                0x0000000008002cc0                HAL_TIM_Base_Start_IT
 .text.HAL_TIM_IRQHandler
                0x0000000008002da0      0x210 ./Drivers/STM32F4xx_HAL_Driver/Src/stm32f4xx_hal_tim.o
                0x0000000008002da0                HAL_TIM_IRQHandler
 .text.HAL_TIM_ConfigClockSource
                0x0000000008002fb0      0x18e ./Drivers/STM32F4xx_HAL_Driver/Src/stm32f4xx_hal_tim.o
                0x0000000008002fb0                HAL_TIM_ConfigClockSource
 .text.HAL_TIM_OC_DelayElapsedCallback
                0x000000000800313e       0x14 ./Drivers/STM32F4xx_HAL_Driver/Src/stm32f4xx_hal_tim.o
                0x000000000800313e                HAL_TIM_OC_DelayElapsedCallback
 .text.HAL_TIM_IC_CaptureCallback
                0x0000000008003152       0x14 ./Drivers/STM32F4xx_HAL_Driver/Src/stm32f4xx_hal_tim.o
                0x0000000008003152                HAL_TIM_IC_CaptureCallback
 .text.HAL_TIM_PWM_PulseFinishedCallback
                0x0000000008003166       0x14 ./Drivers/STM32F4xx_HAL_Driver/Src/stm32f4xx_hal_tim.o
                0x0000000008003166                HAL_TIM_PWM_PulseFinishedCallback
 .text.HAL_TIM_TriggerCallback
                0x000000000800317a       0x14 ./Drivers/STM32F4xx_HAL_Driver/Src/stm32f4xx_hal_tim.o
                0x000000000800317a                HAL_TIM_TriggerCallback
 *fill*         0x000000000800318e        0x2 
 .text.TIM_Base_SetConfig
                0x0000000008003190      0x140 ./Drivers/STM32F4xx_HAL_Driver/Src/stm32f4xx_hal_tim.o
                0x0000000008003190                TIM_Base_SetConfig
 .text.TIM_TI1_ConfigInputStage
                0x00000000080032d0       0x5e ./Drivers/STM32F4xx_HAL_Driver/Src/stm32f4xx_hal_tim.o
 .text.TIM_TI2_ConfigInputStage
                0x000000000800332e       0x60 ./Drivers/STM32F4xx_HAL_Driver/Src/stm32f4xx_hal_tim.o
 .text.TIM_ITRx_SetConfig
                0x000000000800338e       0x36 ./Drivers/STM32F4xx_HAL_Driver/Src/stm32f4xx_hal_tim.o
 .text.TIM_ETR_SetConfig
                0x00000000080033c4       0x40 ./Drivers/STM32F4xx_HAL_Driver/Src/stm32f4xx_hal_tim.o
                0x00000000080033c4                TIM_ETR_SetConfig
 .text.HAL_TIMEx_CommutCallback
                0x0000000008003404       0x14 ./Drivers/STM32F4xx_HAL_Driver/Src/stm32f4xx_hal_tim_ex.o
                0x0000000008003404                HAL_TIMEx_CommutCallback
 .text.HAL_TIMEx_BreakCallback
                0x0000000008003418       0x14 ./Drivers/STM32F4xx_HAL_Driver/Src/stm32f4xx_hal_tim_ex.o
                0x0000000008003418                HAL_TIMEx_BreakCallback
 .text.HAL_UART_Init
                0x000000000800342c       0x9a ./Drivers/STM32F4xx_HAL_Driver/Src/stm32f4xx_hal_uart.o
                0x000000000800342c                HAL_UART_Init
 .text.HAL_UART_Transmit
                0x00000000080034c6      0x124 ./Drivers/STM32F4xx_HAL_Driver/Src/stm32f4xx_hal_uart.o
                0x00000000080034c6                HAL_UART_Transmit
 .text.HAL_UART_Receive_IT
                0x00000000080035ea       0x60 ./Drivers/STM32F4xx_HAL_Driver/Src/stm32f4xx_hal_uart.o
                0x00000000080035ea                HAL_UART_Receive_IT
 *fill*         0x000000000800364a        0x2 
 .text.HAL_UART_IRQHandler
                0x000000000800364c      0x51c ./Drivers/STM32F4xx_HAL_Driver/Src/stm32f4xx_hal_uart.o
                0x000000000800364c                HAL_UART_IRQHandler
 .text.HAL_UART_TxCpltCallback
                0x0000000008003b68       0x14 ./Drivers/STM32F4xx_HAL_Driver/Src/stm32f4xx_hal_uart.o
                0x0000000008003b68                HAL_UART_TxCpltCallback
 .text.HAL_UART_ErrorCallback
                0x0000000008003b7c       0x14 ./Drivers/STM32F4xx_HAL_Driver/Src/stm32f4xx_hal_uart.o
                0x0000000008003b7c                HAL_UART_ErrorCallback
 .text.HAL_UARTEx_RxEventCallback
                0x0000000008003b90       0x18 ./Drivers/STM32F4xx_HAL_Driver/Src/stm32f4xx_hal_uart.o
                0x0000000008003b90                HAL_UARTEx_RxEventCallback
 .text.UART_WaitOnFlagUntilTimeout
                0x0000000008003ba8       0xdc ./Drivers/STM32F4xx_HAL_Driver/Src/stm32f4xx_hal_uart.o
 .text.UART_Start_Receive_IT
                0x0000000008003c84       0x7c ./Drivers/STM32F4xx_HAL_Driver/Src/stm32f4xx_hal_uart.o
                0x0000000008003c84                UART_Start_Receive_IT
 .text.UART_EndRxTransfer
                0x0000000008003d00       0xc6 ./Drivers/STM32F4xx_HAL_Driver/Src/stm32f4xx_hal_uart.o
 .text.UART_DMAAbortOnError
                0x0000000008003dc6       0x28 ./Drivers/STM32F4xx_HAL_Driver/Src/stm32f4xx_hal_uart.o
 .text.UART_Transmit_IT
                0x0000000008003dee       0xa0 ./Drivers/STM32F4xx_HAL_Driver/Src/stm32f4xx_hal_uart.o
 .text.UART_EndTransmit_IT
                0x0000000008003e8e       0x30 ./Drivers/STM32F4xx_HAL_Driver/Src/stm32f4xx_hal_uart.o
 .text.UART_Receive_IT
                0x0000000008003ebe      0x176 ./Drivers/STM32F4xx_HAL_Driver/Src/stm32f4xx_hal_uart.o
 .text.UART_SetConfig
                0x0000000008004034      0x4e8 ./Drivers/STM32F4xx_HAL_Driver/Src/stm32f4xx_hal_uart.o
 .text.genCrc   0x000000000800451c       0x4a ./Misc/Src/crc8.o
                0x000000000800451c                genCrc
 *fill*         0x0000000008004566        0x2 
 .text.calcCrc8
                0x0000000008004568       0x40 ./Misc/Src/crc8.o
 .text.dataPacketRxInit
                0x00000000080045a8       0x76 ./Misc/Src/dataPacketRx.o
                0x00000000080045a8                dataPacketRxInit
 .text.dataPacketRxAppend
                0x000000000800461e       0x54 ./Misc/Src/dataPacketRx.o
                0x000000000800461e                dataPacketRxAppend
 .text.dataPacketRxDecode
                0x0000000008004672      0x16a ./Misc/Src/dataPacketRx.o
                0x0000000008004672                dataPacketRxDecode
 .text.dataPacketRxClear
                0x00000000080047dc       0x62 ./Misc/Src/dataPacketRx.o
                0x00000000080047dc                dataPacketRxClear
 .text.dataPacketRxSetCommand
                0x000000000800483e       0x34 ./Misc/Src/dataPacketRx.o
                0x000000000800483e                dataPacketRxSetCommand
 .text.dataPacketRxGetCommand
                0x0000000008004872       0x18 ./Misc/Src/dataPacketRx.o
                0x0000000008004872                dataPacketRxGetCommand
 .text.dataPacketRxSetPayloadData
                0x000000000800488a       0x32 ./Misc/Src/dataPacketRx.o
                0x000000000800488a                dataPacketRxSetPayloadData
 .text.dataPacketRxGetPayloadData
                0x00000000080048bc       0x18 ./Misc/Src/dataPacketRx.o
                0x00000000080048bc                dataPacketRxGetPayloadData
 .text.dataPacketRxGetPayloadDataLength
                0x00000000080048d4       0x18 ./Misc/Src/dataPacketRx.o
                0x00000000080048d4                dataPacketRxGetPayloadDataLength
 .text.dataPacketRxGetDataPacketStatus
                0x00000000080048ec       0x1a ./Misc/Src/dataPacketRx.o
                0x00000000080048ec                dataPacketRxGetDataPacketStatus
 .text.dataPacketTxInit
                0x0000000008004906       0x60 ./Misc/Src/dataPacketTx.o
                0x0000000008004906                dataPacketTxInit
 .text.dataPacketTxMount
                0x0000000008004966       0x8e ./Misc/Src/dataPacketTx.o
                0x0000000008004966                dataPacketTxMount
 .text.dataPacketTxUartSend
                0x00000000080049f4       0x40 ./Misc/Src/dataPacketTx.o
                0x00000000080049f4                dataPacketTxUartSend
 .text.dataPacketTxClear
                0x0000000008004a34       0x38 ./Misc/Src/dataPacketTx.o
                0x0000000008004a34                dataPacketTxClear
 .text.dataPacketTxPayloadDataClear
                0x0000000008004a6c       0x38 ./Misc/Src/dataPacketTx.o
                0x0000000008004a6c                dataPacketTxPayloadDataClear
 .text.dataPacketTxSetCommand
                0x0000000008004aa4       0x34 ./Misc/Src/dataPacketTx.o
                0x0000000008004aa4                dataPacketTxSetCommand
 .text.dataPacketTxSetPayloadData
                0x0000000008004ad8       0x32 ./Misc/Src/dataPacketTx.o
                0x0000000008004ad8                dataPacketTxSetPayloadData
 *fill*         0x0000000008004b0a        0x2 
 .text.__libc_init_array
                0x0000000008004b0c       0x48 c:/st/stm32cubeide_1.9.0/stm32cubeide/plugins/com.st.stm32cube.ide.mcu.externaltools.gnu-tools-for-stm32.10.3-2021.10.win32_1.0.0.202111181127/tools/bin/../lib/gcc/arm-none-eabi/10.3.1/../../../../arm-none-eabi/lib/thumb/v7e-m+fp/hard\libc_nano.a(lib_a-init.o)
                0x0000000008004b0c                __libc_init_array
 .text.memcpy   0x0000000008004b54       0x1c c:/st/stm32cubeide_1.9.0/stm32cubeide/plugins/com.st.stm32cube.ide.mcu.externaltools.gnu-tools-for-stm32.10.3-2021.10.win32_1.0.0.202111181127/tools/bin/../lib/gcc/arm-none-eabi/10.3.1/../../../../arm-none-eabi/lib/thumb/v7e-m+fp/hard\libc_nano.a(lib_a-memcpy-stub.o)
                0x0000000008004b54                memcpy
 .text.memset   0x0000000008004b70       0x10 c:/st/stm32cubeide_1.9.0/stm32cubeide/plugins/com.st.stm32cube.ide.mcu.externaltools.gnu-tools-for-stm32.10.3-2021.10.win32_1.0.0.202111181127/tools/bin/../lib/gcc/arm-none-eabi/10.3.1/../../../../arm-none-eabi/lib/thumb/v7e-m+fp/hard\libc_nano.a(lib_a-memset.o)
                0x0000000008004b70                memset
 *(.glue_7)
 .glue_7        0x0000000008004b80        0x0 linker stubs
 *(.glue_7t)
 .glue_7t       0x0000000008004b80        0x0 linker stubs
 *(.eh_frame)
 .eh_frame      0x0000000008004b80        0x0 c:/st/stm32cubeide_1.9.0/stm32cubeide/plugins/com.st.stm32cube.ide.mcu.externaltools.gnu-tools-for-stm32.10.3-2021.10.win32_1.0.0.202111181127/tools/bin/../lib/gcc/arm-none-eabi/10.3.1/thumb/v7e-m+fp/hard/crtbegin.o
 *(.init)
 .init          0x0000000008004b80        0x4 c:/st/stm32cubeide_1.9.0/stm32cubeide/plugins/com.st.stm32cube.ide.mcu.externaltools.gnu-tools-for-stm32.10.3-2021.10.win32_1.0.0.202111181127/tools/bin/../lib/gcc/arm-none-eabi/10.3.1/thumb/v7e-m+fp/hard/crti.o
                0x0000000008004b80                _init
 .init          0x0000000008004b84        0x8 c:/st/stm32cubeide_1.9.0/stm32cubeide/plugins/com.st.stm32cube.ide.mcu.externaltools.gnu-tools-for-stm32.10.3-2021.10.win32_1.0.0.202111181127/tools/bin/../lib/gcc/arm-none-eabi/10.3.1/thumb/v7e-m+fp/hard/crtn.o
 *(.fini)
 .fini          0x0000000008004b8c        0x4 c:/st/stm32cubeide_1.9.0/stm32cubeide/plugins/com.st.stm32cube.ide.mcu.externaltools.gnu-tools-for-stm32.10.3-2021.10.win32_1.0.0.202111181127/tools/bin/../lib/gcc/arm-none-eabi/10.3.1/thumb/v7e-m+fp/hard/crti.o
                0x0000000008004b8c                _fini
 .fini          0x0000000008004b90        0x8 c:/st/stm32cubeide_1.9.0/stm32cubeide/plugins/com.st.stm32cube.ide.mcu.externaltools.gnu-tools-for-stm32.10.3-2021.10.win32_1.0.0.202111181127/tools/bin/../lib/gcc/arm-none-eabi/10.3.1/thumb/v7e-m+fp/hard/crtn.o
                0x0000000008004b98                . = ALIGN (0x4)
                0x0000000008004b98                _etext = .

.vfp11_veneer   0x0000000008004b98        0x0
 .vfp11_veneer  0x0000000008004b98        0x0 linker stubs

.v4_bx          0x0000000008004b98        0x0
 .v4_bx         0x0000000008004b98        0x0 linker stubs

.iplt           0x0000000008004b98        0x0
 .iplt          0x0000000008004b98        0x0 c:/st/stm32cubeide_1.9.0/stm32cubeide/plugins/com.st.stm32cube.ide.mcu.externaltools.gnu-tools-for-stm32.10.3-2021.10.win32_1.0.0.202111181127/tools/bin/../lib/gcc/arm-none-eabi/10.3.1/thumb/v7e-m+fp/hard/crtbegin.o

.rodata         0x0000000008004b98      0x118
                0x0000000008004b98                . = ALIGN (0x4)
 *(.rodata)
 *(.rodata*)
 .rodata.AHBPrescTable
                0x0000000008004b98       0x10 ./Core/Src/system_stm32f4xx.o
                0x0000000008004b98                AHBPrescTable
 .rodata.APBPrescTable
                0x0000000008004ba8        0x8 ./Core/Src/system_stm32f4xx.o
                0x0000000008004ba8                APBPrescTable
 .rodata.table  0x0000000008004bb0      0x100 ./Misc/Src/crc8.o
                0x0000000008004cb0                . = ALIGN (0x4)

.ARM.extab      0x0000000008004cb0        0x0
                0x0000000008004cb0                . = ALIGN (0x4)
 *(.ARM.extab* .gnu.linkonce.armextab.*)
                0x0000000008004cb0                . = ALIGN (0x4)

.ARM            0x0000000008004cb0        0x8
                0x0000000008004cb0                . = ALIGN (0x4)
                0x0000000008004cb0                __exidx_start = .
 *(.ARM.exidx*)
 .ARM.exidx     0x0000000008004cb0        0x8 c:/st/stm32cubeide_1.9.0/stm32cubeide/plugins/com.st.stm32cube.ide.mcu.externaltools.gnu-tools-for-stm32.10.3-2021.10.win32_1.0.0.202111181127/tools/bin/../lib/gcc/arm-none-eabi/10.3.1/thumb/v7e-m+fp/hard\libgcc.a(_udivmoddi4.o)
                0x0000000008004cb8                __exidx_end = .
                0x0000000008004cb8                . = ALIGN (0x4)

.rel.dyn        0x0000000008004cb8        0x0
 .rel.iplt      0x0000000008004cb8        0x0 c:/st/stm32cubeide_1.9.0/stm32cubeide/plugins/com.st.stm32cube.ide.mcu.externaltools.gnu-tools-for-stm32.10.3-2021.10.win32_1.0.0.202111181127/tools/bin/../lib/gcc/arm-none-eabi/10.3.1/thumb/v7e-m+fp/hard/crtbegin.o

.preinit_array  0x0000000008004cb8        0x0
                0x0000000008004cb8                . = ALIGN (0x4)
                0x0000000008004cb8                PROVIDE (__preinit_array_start = .)
 *(.preinit_array*)
                0x0000000008004cb8                PROVIDE (__preinit_array_end = .)
                0x0000000008004cb8                . = ALIGN (0x4)

.init_array     0x0000000008004cb8        0x4
                0x0000000008004cb8                . = ALIGN (0x4)
                0x0000000008004cb8                PROVIDE (__init_array_start = .)
 *(SORT_BY_NAME(.init_array.*))
 *(.init_array*)
 .init_array    0x0000000008004cb8        0x4 c:/st/stm32cubeide_1.9.0/stm32cubeide/plugins/com.st.stm32cube.ide.mcu.externaltools.gnu-tools-for-stm32.10.3-2021.10.win32_1.0.0.202111181127/tools/bin/../lib/gcc/arm-none-eabi/10.3.1/thumb/v7e-m+fp/hard/crtbegin.o
                0x0000000008004cbc                PROVIDE (__init_array_end = .)
                0x0000000008004cbc                . = ALIGN (0x4)

.fini_array     0x0000000008004cbc        0x4
                0x0000000008004cbc                . = ALIGN (0x4)
                [!provide]                        PROVIDE (__fini_array_start = .)
 *(SORT_BY_NAME(.fini_array.*))
 *(.fini_array*)
 .fini_array    0x0000000008004cbc        0x4 c:/st/stm32cubeide_1.9.0/stm32cubeide/plugins/com.st.stm32cube.ide.mcu.externaltools.gnu-tools-for-stm32.10.3-2021.10.win32_1.0.0.202111181127/tools/bin/../lib/gcc/arm-none-eabi/10.3.1/thumb/v7e-m+fp/hard/crtbegin.o
                [!provide]                        PROVIDE (__fini_array_end = .)
                0x0000000008004cc0                . = ALIGN (0x4)
                0x0000000008004cc0                _sidata = LOADADDR (.data)

.data           0x0000000020000000        0xc load address 0x0000000008004cc0
                0x0000000020000000                . = ALIGN (0x4)
                0x0000000020000000                _sdata = .
 *(.data)
 *(.data*)
 .data.SystemCoreClock
                0x0000000020000000        0x4 ./Core/Src/system_stm32f4xx.o
                0x0000000020000000                SystemCoreClock
 .data.uwTickPrio
                0x0000000020000004        0x4 ./Drivers/STM32F4xx_HAL_Driver/Src/stm32f4xx_hal.o
                0x0000000020000004                uwTickPrio
 .data.uwTickFreq
                0x0000000020000008        0x1 ./Drivers/STM32F4xx_HAL_Driver/Src/stm32f4xx_hal.o
                0x0000000020000008                uwTickFreq
 *(.RamFunc)
 *(.RamFunc*)
                0x000000002000000c                . = ALIGN (0x4)
 *fill*         0x0000000020000009        0x3 
                0x000000002000000c                _edata = .

.igot.plt       0x000000002000000c        0x0 load address 0x0000000008004ccc
 .igot.plt      0x000000002000000c        0x0 c:/st/stm32cubeide_1.9.0/stm32cubeide/plugins/com.st.stm32cube.ide.mcu.externaltools.gnu-tools-for-stm32.10.3-2021.10.win32_1.0.0.202111181127/tools/bin/../lib/gcc/arm-none-eabi/10.3.1/thumb/v7e-m+fp/hard/crtbegin.o
                0x000000002000000c                . = ALIGN (0x4)

.bss            0x000000002000000c      0x204 load address 0x0000000008004ccc
                0x000000002000000c                _sbss = .
                0x000000002000000c                __bss_start__ = _sbss
 *(.bss)
 .bss           0x000000002000000c       0x1c c:/st/stm32cubeide_1.9.0/stm32cubeide/plugins/com.st.stm32cube.ide.mcu.externaltools.gnu-tools-for-stm32.10.3-2021.10.win32_1.0.0.202111181127/tools/bin/../lib/gcc/arm-none-eabi/10.3.1/thumb/v7e-m+fp/hard/crtbegin.o
 *(.bss*)
 .bss.hadc1     0x0000000020000028       0x48 ./Core/Src/main.o
                0x0000000020000028                hadc1
 .bss.htim9     0x0000000020000070       0x48 ./Core/Src/main.o
                0x0000000020000070                htim9
 .bss.huart2    0x00000000200000b8       0x44 ./Core/Src/main.o
                0x00000000200000b8                huart2
 .bss.huart3    0x00000000200000fc       0x44 ./Core/Src/main.o
                0x00000000200000fc                huart3
 .bss.dataPacketTx
                0x0000000020000140       0x40 ./Core/Src/main.o
                0x0000000020000140                dataPacketTx
 .bss.dataPacketRx
                0x0000000020000180       0x46 ./Core/Src/main.o
                0x0000000020000180                dataPacketRx
 .bss.receivedByte
                0x00000000200001c6        0x1 ./Core/Src/main.o
                0x00000000200001c6                receivedByte
 *fill*         0x00000000200001c7        0x1 
 .bss.bytes     0x00000000200001c8        0x2 ./Core/Src/main.o
                0x00000000200001c8                bytes
 *fill*         0x00000000200001ca        0x2 
 .bss.counterTimer1
                0x00000000200001cc        0x4 ./Core/Src/main.o
                0x00000000200001cc                counterTimer1
 .bss.counterTimer2
                0x00000000200001d0        0x4 ./Core/Src/main.o
                0x00000000200001d0                counterTimer2
 .bss.counterTimer3
                0x00000000200001d4        0x4 ./Core/Src/main.o
                0x00000000200001d4                counterTimer3
 .bss.counterTimer4
                0x00000000200001d8        0x4 ./Core/Src/main.o
                0x00000000200001d8                counterTimer4
 .bss.app       0x00000000200001dc       0x2c ./Core/Src/main.o
                0x00000000200001dc                app
 .bss.stateMachine
                0x0000000020000208        0x1 ./Core/Src/main.o
                0x0000000020000208                stateMachine
 *fill*         0x0000000020000209        0x3 
 .bss.uwTick    0x000000002000020c        0x4 ./Drivers/STM32F4xx_HAL_Driver/Src/stm32f4xx_hal.o
                0x000000002000020c                uwTick
 *(COMMON)
                0x0000000020000210                . = ALIGN (0x4)
                0x0000000020000210                _ebss = .
                0x0000000020000210                __bss_end__ = _ebss

._user_heap_stack
                0x0000000020000210      0x600 load address 0x0000000008004ccc
                0x0000000020000210                . = ALIGN (0x8)
                [!provide]                        PROVIDE (end = .)
                0x0000000020000210                PROVIDE (_end = .)
                0x0000000020000410                . = (. + _Min_Heap_Size)
 *fill*         0x0000000020000210      0x200 
                0x0000000020000810                . = (. + _Min_Stack_Size)
 *fill*         0x0000000020000410      0x400 
                0x0000000020000810                . = ALIGN (0x8)

/DISCARD/
 libc.a(*)
 libm.a(*)
 libgcc.a(*)

.ARM.attributes
                0x0000000000000000       0x30
 *(.ARM.attributes)
 .ARM.attributes
                0x0000000000000000       0x1e c:/st/stm32cubeide_1.9.0/stm32cubeide/plugins/com.st.stm32cube.ide.mcu.externaltools.gnu-tools-for-stm32.10.3-2021.10.win32_1.0.0.202111181127/tools/bin/../lib/gcc/arm-none-eabi/10.3.1/thumb/v7e-m+fp/hard/crti.o
 .ARM.attributes
                0x000000000000001e       0x34 c:/st/stm32cubeide_1.9.0/stm32cubeide/plugins/com.st.stm32cube.ide.mcu.externaltools.gnu-tools-for-stm32.10.3-2021.10.win32_1.0.0.202111181127/tools/bin/../lib/gcc/arm-none-eabi/10.3.1/thumb/v7e-m+fp/hard/crtbegin.o
 .ARM.attributes
                0x0000000000000052       0x34 ./App/Src/application.o
 .ARM.attributes
                0x0000000000000086       0x34 ./Core/Src/main.o
 .ARM.attributes
                0x00000000000000ba       0x34 ./Core/Src/stm32f4xx_hal_msp.o
 .ARM.attributes
                0x00000000000000ee       0x34 ./Core/Src/stm32f4xx_it.o
 .ARM.attributes
                0x0000000000000122       0x34 ./Core/Src/system_stm32f4xx.o
 .ARM.attributes
                0x0000000000000156       0x21 ./Core/Startup/startup_stm32f446retx.o
 .ARM.attributes
                0x0000000000000177       0x34 ./Drivers/STM32F4xx_HAL_Driver/Src/stm32f4xx_hal.o
 .ARM.attributes
                0x00000000000001ab       0x34 ./Drivers/STM32F4xx_HAL_Driver/Src/stm32f4xx_hal_adc.o
 .ARM.attributes
                0x00000000000001df       0x34 ./Drivers/STM32F4xx_HAL_Driver/Src/stm32f4xx_hal_cortex.o
 .ARM.attributes
                0x0000000000000213       0x34 ./Drivers/STM32F4xx_HAL_Driver/Src/stm32f4xx_hal_dma.o
 .ARM.attributes
                0x0000000000000247       0x34 ./Drivers/STM32F4xx_HAL_Driver/Src/stm32f4xx_hal_gpio.o
 .ARM.attributes
                0x000000000000027b       0x34 ./Drivers/STM32F4xx_HAL_Driver/Src/stm32f4xx_hal_pwr_ex.o
 .ARM.attributes
                0x00000000000002af       0x34 ./Drivers/STM32F4xx_HAL_Driver/Src/stm32f4xx_hal_rcc.o
 .ARM.attributes
                0x00000000000002e3       0x34 ./Drivers/STM32F4xx_HAL_Driver/Src/stm32f4xx_hal_rcc_ex.o
 .ARM.attributes
                0x0000000000000317       0x34 ./Drivers/STM32F4xx_HAL_Driver/Src/stm32f4xx_hal_tim.o
 .ARM.attributes
                0x000000000000034b       0x34 ./Drivers/STM32F4xx_HAL_Driver/Src/stm32f4xx_hal_tim_ex.o
 .ARM.attributes
                0x000000000000037f       0x34 ./Drivers/STM32F4xx_HAL_Driver/Src/stm32f4xx_hal_uart.o
 .ARM.attributes
                0x00000000000003b3       0x34 ./Misc/Src/crc8.o
 .ARM.attributes
                0x00000000000003e7       0x34 ./Misc/Src/dataPacketRx.o
 .ARM.attributes
                0x000000000000041b       0x34 ./Misc/Src/dataPacketTx.o
 .ARM.attributes
                0x000000000000044f       0x34 c:/st/stm32cubeide_1.9.0/stm32cubeide/plugins/com.st.stm32cube.ide.mcu.externaltools.gnu-tools-for-stm32.10.3-2021.10.win32_1.0.0.202111181127/tools/bin/../lib/gcc/arm-none-eabi/10.3.1/../../../../arm-none-eabi/lib/thumb/v7e-m+fp/hard\libc_nano.a(lib_a-init.o)
 .ARM.attributes
                0x0000000000000483       0x34 c:/st/stm32cubeide_1.9.0/stm32cubeide/plugins/com.st.stm32cube.ide.mcu.externaltools.gnu-tools-for-stm32.10.3-2021.10.win32_1.0.0.202111181127/tools/bin/../lib/gcc/arm-none-eabi/10.3.1/../../../../arm-none-eabi/lib/thumb/v7e-m+fp/hard\libc_nano.a(lib_a-memcpy-stub.o)
 .ARM.attributes
                0x00000000000004b7       0x34 c:/st/stm32cubeide_1.9.0/stm32cubeide/plugins/com.st.stm32cube.ide.mcu.externaltools.gnu-tools-for-stm32.10.3-2021.10.win32_1.0.0.202111181127/tools/bin/../lib/gcc/arm-none-eabi/10.3.1/../../../../arm-none-eabi/lib/thumb/v7e-m+fp/hard\libc_nano.a(lib_a-memset.o)
 .ARM.attributes
                0x00000000000004eb       0x1e c:/st/stm32cubeide_1.9.0/stm32cubeide/plugins/com.st.stm32cube.ide.mcu.externaltools.gnu-tools-for-stm32.10.3-2021.10.win32_1.0.0.202111181127/tools/bin/../lib/gcc/arm-none-eabi/10.3.1/thumb/v7e-m+fp/hard\libgcc.a(_aeabi_uldivmod.o)
 .ARM.attributes
                0x0000000000000509       0x34 c:/st/stm32cubeide_1.9.0/stm32cubeide/plugins/com.st.stm32cube.ide.mcu.externaltools.gnu-tools-for-stm32.10.3-2021.10.win32_1.0.0.202111181127/tools/bin/../lib/gcc/arm-none-eabi/10.3.1/thumb/v7e-m+fp/hard\libgcc.a(_udivmoddi4.o)
 .ARM.attributes
                0x000000000000053d       0x1e c:/st/stm32cubeide_1.9.0/stm32cubeide/plugins/com.st.stm32cube.ide.mcu.externaltools.gnu-tools-for-stm32.10.3-2021.10.win32_1.0.0.202111181127/tools/bin/../lib/gcc/arm-none-eabi/10.3.1/thumb/v7e-m+fp/hard\libgcc.a(_dvmd_tls.o)
 .ARM.attributes
                0x000000000000055b       0x1e c:/st/stm32cubeide_1.9.0/stm32cubeide/plugins/com.st.stm32cube.ide.mcu.externaltools.gnu-tools-for-stm32.10.3-2021.10.win32_1.0.0.202111181127/tools/bin/../lib/gcc/arm-none-eabi/10.3.1/thumb/v7e-m+fp/hard/crtn.o
OUTPUT(AdcSendRead.elf elf32-littlearm)
LOAD linker stubs
LOAD c:/st/stm32cubeide_1.9.0/stm32cubeide/plugins/com.st.stm32cube.ide.mcu.externaltools.gnu-tools-for-stm32.10.3-2021.10.win32_1.0.0.202111181127/tools/bin/../lib/gcc/arm-none-eabi/10.3.1/../../../../arm-none-eabi/lib/thumb/v7e-m+fp/hard\libc.a
LOAD c:/st/stm32cubeide_1.9.0/stm32cubeide/plugins/com.st.stm32cube.ide.mcu.externaltools.gnu-tools-for-stm32.10.3-2021.10.win32_1.0.0.202111181127/tools/bin/../lib/gcc/arm-none-eabi/10.3.1/../../../../arm-none-eabi/lib/thumb/v7e-m+fp/hard\libm.a
LOAD c:/st/stm32cubeide_1.9.0/stm32cubeide/plugins/com.st.stm32cube.ide.mcu.externaltools.gnu-tools-for-stm32.10.3-2021.10.win32_1.0.0.202111181127/tools/bin/../lib/gcc/arm-none-eabi/10.3.1/thumb/v7e-m+fp/hard\libgcc.a

.debug_info     0x0000000000000000    0x118d0
 .debug_info    0x0000000000000000      0x5e4 ./App/Src/application.o
 .debug_info    0x00000000000005e4     0x1af6 ./Core/Src/main.o
 .debug_info    0x00000000000020da     0x134d ./Core/Src/stm32f4xx_hal_msp.o
 .debug_info    0x0000000000003427      0xa0e ./Core/Src/stm32f4xx_it.o
 .debug_info    0x0000000000003e35      0x55b ./Core/Src/system_stm32f4xx.o
 .debug_info    0x0000000000004390       0x22 ./Core/Startup/startup_stm32f446retx.o
 .debug_info    0x00000000000043b2      0x9d2 ./Drivers/STM32F4xx_HAL_Driver/Src/stm32f4xx_hal.o
 .debug_info    0x0000000000004d84      0xd70 ./Drivers/STM32F4xx_HAL_Driver/Src/stm32f4xx_hal_adc.o
 .debug_info    0x0000000000005af4      0xe39 ./Drivers/STM32F4xx_HAL_Driver/Src/stm32f4xx_hal_cortex.o
 .debug_info    0x000000000000692d      0x94f ./Drivers/STM32F4xx_HAL_Driver/Src/stm32f4xx_hal_dma.o
 .debug_info    0x000000000000727c      0x7be ./Drivers/STM32F4xx_HAL_Driver/Src/stm32f4xx_hal_gpio.o
 .debug_info    0x0000000000007a3a      0x702 ./Drivers/STM32F4xx_HAL_Driver/Src/stm32f4xx_hal_pwr_ex.o
 .debug_info    0x000000000000813c      0x9ab ./Drivers/STM32F4xx_HAL_Driver/Src/stm32f4xx_hal_rcc.o
 .debug_info    0x0000000000008ae7      0x9ec ./Drivers/STM32F4xx_HAL_Driver/Src/stm32f4xx_hal_rcc_ex.o
 .debug_info    0x00000000000094d3     0x2bbe ./Drivers/STM32F4xx_HAL_Driver/Src/stm32f4xx_hal_tim.o
 .debug_info    0x000000000000c091     0x15e0 ./Drivers/STM32F4xx_HAL_Driver/Src/stm32f4xx_hal_tim_ex.o
 .debug_info    0x000000000000d671     0x31bc ./Drivers/STM32F4xx_HAL_Driver/Src/stm32f4xx_hal_uart.o
 .debug_info    0x000000000001082d      0x177 ./Misc/Src/crc8.o
 .debug_info    0x00000000000109a4      0x54b ./Misc/Src/dataPacketRx.o
 .debug_info    0x0000000000010eef      0x9e1 ./Misc/Src/dataPacketTx.o

.debug_abbrev   0x0000000000000000     0x2740
 .debug_abbrev  0x0000000000000000      0x1c7 ./App/Src/application.o
 .debug_abbrev  0x00000000000001c7      0x2e9 ./Core/Src/main.o
 .debug_abbrev  0x00000000000004b0      0x1f9 ./Core/Src/stm32f4xx_hal_msp.o
 .debug_abbrev  0x00000000000006a9      0x19c ./Core/Src/stm32f4xx_it.o
 .debug_abbrev  0x0000000000000845      0x116 ./Core/Src/system_stm32f4xx.o
 .debug_abbrev  0x000000000000095b       0x12 ./Core/Startup/startup_stm32f446retx.o
 .debug_abbrev  0x000000000000096d      0x20d ./Drivers/STM32F4xx_HAL_Driver/Src/stm32f4xx_hal.o
 .debug_abbrev  0x0000000000000b7a      0x244 ./Drivers/STM32F4xx_HAL_Driver/Src/stm32f4xx_hal_adc.o
 .debug_abbrev  0x0000000000000dbe      0x316 ./Drivers/STM32F4xx_HAL_Driver/Src/stm32f4xx_hal_cortex.o
 .debug_abbrev  0x00000000000010d4      0x25b ./Drivers/STM32F4xx_HAL_Driver/Src/stm32f4xx_hal_dma.o
 .debug_abbrev  0x000000000000132f      0x1c4 ./Drivers/STM32F4xx_HAL_Driver/Src/stm32f4xx_hal_gpio.o
 .debug_abbrev  0x00000000000014f3      0x1c9 ./Drivers/STM32F4xx_HAL_Driver/Src/stm32f4xx_hal_pwr_ex.o
 .debug_abbrev  0x00000000000016bc      0x2aa ./Drivers/STM32F4xx_HAL_Driver/Src/stm32f4xx_hal_rcc.o
 .debug_abbrev  0x0000000000001966      0x1fb ./Drivers/STM32F4xx_HAL_Driver/Src/stm32f4xx_hal_rcc_ex.o
 .debug_abbrev  0x0000000000001b61      0x25d ./Drivers/STM32F4xx_HAL_Driver/Src/stm32f4xx_hal_tim.o
 .debug_abbrev  0x0000000000001dbe      0x265 ./Drivers/STM32F4xx_HAL_Driver/Src/stm32f4xx_hal_tim_ex.o
 .debug_abbrev  0x0000000000002023      0x2f4 ./Drivers/STM32F4xx_HAL_Driver/Src/stm32f4xx_hal_uart.o
 .debug_abbrev  0x0000000000002317       0xda ./Misc/Src/crc8.o
 .debug_abbrev  0x00000000000023f1      0x16c ./Misc/Src/dataPacketRx.o
 .debug_abbrev  0x000000000000255d      0x1e3 ./Misc/Src/dataPacketTx.o

.debug_aranges  0x0000000000000000      0xfa0
 .debug_aranges
                0x0000000000000000       0x80 ./App/Src/application.o
 .debug_aranges
                0x0000000000000080       0x68 ./Core/Src/main.o
 .debug_aranges
                0x00000000000000e8       0x50 ./Core/Src/stm32f4xx_hal_msp.o
 .debug_aranges
                0x0000000000000138       0x70 ./Core/Src/stm32f4xx_it.o
 .debug_aranges
                0x00000000000001a8       0x28 ./Core/Src/system_stm32f4xx.o
 .debug_aranges
                0x00000000000001d0       0x28 ./Core/Startup/startup_stm32f446retx.o
 .debug_aranges
                0x00000000000001f8       0xf0 ./Drivers/STM32F4xx_HAL_Driver/Src/stm32f4xx_hal.o
 .debug_aranges
                0x00000000000002e8       0xe8 ./Drivers/STM32F4xx_HAL_Driver/Src/stm32f4xx_hal_adc.o
 .debug_aranges
                0x00000000000003d0      0x118 ./Drivers/STM32F4xx_HAL_Driver/Src/stm32f4xx_hal_cortex.o
 .debug_aranges
                0x00000000000004e8       0x90 ./Drivers/STM32F4xx_HAL_Driver/Src/stm32f4xx_hal_dma.o
 .debug_aranges
                0x0000000000000578       0x58 ./Drivers/STM32F4xx_HAL_Driver/Src/stm32f4xx_hal_gpio.o
 .debug_aranges
                0x00000000000005d0       0x60 ./Drivers/STM32F4xx_HAL_Driver/Src/stm32f4xx_hal_pwr_ex.o
 .debug_aranges
                0x0000000000000630       0x88 ./Drivers/STM32F4xx_HAL_Driver/Src/stm32f4xx_hal_rcc.o
 .debug_aranges
                0x00000000000006b8       0x78 ./Drivers/STM32F4xx_HAL_Driver/Src/stm32f4xx_hal_rcc_ex.o
 .debug_aranges
                0x0000000000000730      0x3d0 ./Drivers/STM32F4xx_HAL_Driver/Src/stm32f4xx_hal_tim.o
 .debug_aranges
                0x0000000000000b00      0x168 ./Drivers/STM32F4xx_HAL_Driver/Src/stm32f4xx_hal_tim_ex.o
 .debug_aranges
                0x0000000000000c68      0x200 ./Drivers/STM32F4xx_HAL_Driver/Src/stm32f4xx_hal_uart.o
 .debug_aranges
                0x0000000000000e68       0x28 ./Misc/Src/crc8.o
 .debug_aranges
                0x0000000000000e90       0x88 ./Misc/Src/dataPacketRx.o
 .debug_aranges
                0x0000000000000f18       0x88 ./Misc/Src/dataPacketTx.o

.debug_ranges   0x0000000000000000      0xe98
 .debug_ranges  0x0000000000000000       0x70 ./App/Src/application.o
 .debug_ranges  0x0000000000000070       0x58 ./Core/Src/main.o
 .debug_ranges  0x00000000000000c8       0x40 ./Core/Src/stm32f4xx_hal_msp.o
 .debug_ranges  0x0000000000000108       0x60 ./Core/Src/stm32f4xx_it.o
 .debug_ranges  0x0000000000000168       0x18 ./Core/Src/system_stm32f4xx.o
 .debug_ranges  0x0000000000000180       0x20 ./Core/Startup/startup_stm32f446retx.o
 .debug_ranges  0x00000000000001a0       0xe0 ./Drivers/STM32F4xx_HAL_Driver/Src/stm32f4xx_hal.o
 .debug_ranges  0x0000000000000280       0xd8 ./Drivers/STM32F4xx_HAL_Driver/Src/stm32f4xx_hal_adc.o
 .debug_ranges  0x0000000000000358      0x108 ./Drivers/STM32F4xx_HAL_Driver/Src/stm32f4xx_hal_cortex.o
 .debug_ranges  0x0000000000000460       0x80 ./Drivers/STM32F4xx_HAL_Driver/Src/stm32f4xx_hal_dma.o
 .debug_ranges  0x00000000000004e0       0x48 ./Drivers/STM32F4xx_HAL_Driver/Src/stm32f4xx_hal_gpio.o
 .debug_ranges  0x0000000000000528       0x50 ./Drivers/STM32F4xx_HAL_Driver/Src/stm32f4xx_hal_pwr_ex.o
 .debug_ranges  0x0000000000000578       0x78 ./Drivers/STM32F4xx_HAL_Driver/Src/stm32f4xx_hal_rcc.o
 .debug_ranges  0x00000000000005f0       0x68 ./Drivers/STM32F4xx_HAL_Driver/Src/stm32f4xx_hal_rcc_ex.o
 .debug_ranges  0x0000000000000658      0x3c0 ./Drivers/STM32F4xx_HAL_Driver/Src/stm32f4xx_hal_tim.o
 .debug_ranges  0x0000000000000a18      0x158 ./Drivers/STM32F4xx_HAL_Driver/Src/stm32f4xx_hal_tim_ex.o
 .debug_ranges  0x0000000000000b70      0x220 ./Drivers/STM32F4xx_HAL_Driver/Src/stm32f4xx_hal_uart.o
 .debug_ranges  0x0000000000000d90       0x18 ./Misc/Src/crc8.o
 .debug_ranges  0x0000000000000da8       0x78 ./Misc/Src/dataPacketRx.o
 .debug_ranges  0x0000000000000e20       0x78 ./Misc/Src/dataPacketTx.o

.debug_macro    0x0000000000000000    0x23f80
 .debug_macro   0x0000000000000000      0x320 ./App/Src/application.o
 .debug_macro   0x0000000000000320      0xa78 ./App/Src/application.o
 .debug_macro   0x0000000000000d98      0x2a1 ./App/Src/application.o
 .debug_macro   0x0000000000001039       0x2e ./App/Src/application.o
 .debug_macro   0x0000000000001067       0x28 ./App/Src/application.o
 .debug_macro   0x000000000000108f       0x22 ./App/Src/application.o
 .debug_macro   0x00000000000010b1       0x8e ./App/Src/application.o
 .debug_macro   0x000000000000113f       0x51 ./App/Src/application.o
 .debug_macro   0x0000000000001190      0x103 ./App/Src/application.o
 .debug_macro   0x0000000000001293       0x6a ./App/Src/application.o
 .debug_macro   0x00000000000012fd      0x1df ./App/Src/application.o
 .debug_macro   0x00000000000014dc       0x1c ./App/Src/application.o
 .debug_macro   0x00000000000014f8       0x22 ./App/Src/application.o
 .debug_macro   0x000000000000151a       0xd9 ./App/Src/application.o
 .debug_macro   0x00000000000015f3     0x102d ./App/Src/application.o
 .debug_macro   0x0000000000002620      0x11f ./App/Src/application.o
 .debug_macro   0x000000000000273f    0x16749 ./App/Src/application.o
 .debug_macro   0x0000000000018e88       0x6d ./App/Src/application.o
 .debug_macro   0x0000000000018ef5     0x367e ./App/Src/application.o
 .debug_macro   0x000000000001c573      0x174 ./App/Src/application.o
 .debug_macro   0x000000000001c6e7       0x5c ./App/Src/application.o
 .debug_macro   0x000000000001c743      0xc90 ./App/Src/application.o
 .debug_macro   0x000000000001d3d3      0x9fe ./App/Src/application.o
 .debug_macro   0x000000000001ddd1      0x115 ./App/Src/application.o
 .debug_macro   0x000000000001dee6      0x1a0 ./App/Src/application.o
 .debug_macro   0x000000000001e086       0xa5 ./App/Src/application.o
 .debug_macro   0x000000000001e12b      0x16d ./App/Src/application.o
 .debug_macro   0x000000000001e298      0x287 ./App/Src/application.o
 .debug_macro   0x000000000001e51f       0x5f ./App/Src/application.o
 .debug_macro   0x000000000001e57e      0x236 ./App/Src/application.o
 .debug_macro   0x000000000001e7b4      0xb5b ./App/Src/application.o
 .debug_macro   0x000000000001f30f      0x38b ./App/Src/application.o
 .debug_macro   0x000000000001f69a      0x17d ./App/Src/application.o
 .debug_macro   0x000000000001f817       0xf9 ./App/Src/application.o
 .debug_macro   0x000000000001f910      0x132 ./App/Src/application.o
 .debug_macro   0x000000000001fa42      0x29c ./App/Src/application.o
 .debug_macro   0x000000000001fcde       0x2e ./App/Src/application.o
 .debug_macro   0x000000000001fd0c      0x11a ./App/Src/application.o
 .debug_macro   0x000000000001fe26       0xe8 ./App/Src/application.o
 .debug_macro   0x000000000001ff0e       0x89 ./App/Src/application.o
 .debug_macro   0x000000000001ff97      0x8e6 ./App/Src/application.o
 .debug_macro   0x000000000002087d       0x4d ./App/Src/application.o
 .debug_macro   0x00000000000208ca      0x295 ./App/Src/application.o
 .debug_macro   0x0000000000020b5f      0x126 ./App/Src/application.o
 .debug_macro   0x0000000000020c85       0x40 ./App/Src/application.o
 .debug_macro   0x0000000000020cc5       0x52 ./App/Src/application.o
 .debug_macro   0x0000000000020d17       0x1e ./App/Src/application.o
 .debug_macro   0x0000000000020d35       0x3c ./App/Src/application.o
 .debug_macro   0x0000000000020d71       0x34 ./App/Src/application.o
 .debug_macro   0x0000000000020da5       0x16 ./App/Src/application.o
 .debug_macro   0x0000000000020dbb       0x43 ./App/Src/application.o
 .debug_macro   0x0000000000020dfe       0x34 ./App/Src/application.o
 .debug_macro   0x0000000000020e32       0x10 ./App/Src/application.o
 .debug_macro   0x0000000000020e42       0x58 ./App/Src/application.o
 .debug_macro   0x0000000000020e9a       0x71 ./App/Src/application.o
 .debug_macro   0x0000000000020f0b       0x1c ./App/Src/application.o
 .debug_macro   0x0000000000020f27      0x12a ./App/Src/application.o
 .debug_macro   0x0000000000021051      0x341 ./App/Src/application.o
 .debug_macro   0x0000000000021392       0x10 ./App/Src/application.o
 .debug_macro   0x00000000000213a2       0x35 ./App/Src/application.o
 .debug_macro   0x00000000000213d7       0x20 ./App/Src/application.o
 .debug_macro   0x00000000000213f7       0x28 ./App/Src/application.o
 .debug_macro   0x000000000002141f       0x2e ./App/Src/application.o
 .debug_macro   0x000000000002144d       0x28 ./App/Src/application.o
 .debug_macro   0x0000000000021475      0x315 ./Core/Src/main.o
 .debug_macro   0x000000000002178a       0x10 ./Core/Src/main.o
 .debug_macro   0x000000000002179a      0x315 ./Core/Src/stm32f4xx_hal_msp.o
 .debug_macro   0x0000000000021aaf      0x31f ./Core/Src/stm32f4xx_it.o
 .debug_macro   0x0000000000021dce      0x1f6 ./Core/Src/system_stm32f4xx.o
 .debug_macro   0x0000000000021fc4      0x256 ./Drivers/STM32F4xx_HAL_Driver/Src/stm32f4xx_hal.o
 .debug_macro   0x000000000002221a      0x1f7 ./Drivers/STM32F4xx_HAL_Driver/Src/stm32f4xx_hal_adc.o
 .debug_macro   0x0000000000022411      0x1f6 ./Drivers/STM32F4xx_HAL_Driver/Src/stm32f4xx_hal_cortex.o
 .debug_macro   0x0000000000022607      0x1fc ./Drivers/STM32F4xx_HAL_Driver/Src/stm32f4xx_hal_dma.o
 .debug_macro   0x0000000000022803      0x1fc ./Drivers/STM32F4xx_HAL_Driver/Src/stm32f4xx_hal_gpio.o
 .debug_macro   0x00000000000229ff      0x20e ./Drivers/STM32F4xx_HAL_Driver/Src/stm32f4xx_hal_pwr_ex.o
 .debug_macro   0x0000000000022c0d      0x21a ./Drivers/STM32F4xx_HAL_Driver/Src/stm32f4xx_hal_rcc.o
 .debug_macro   0x0000000000022e27      0x1f6 ./Drivers/STM32F4xx_HAL_Driver/Src/stm32f4xx_hal_rcc_ex.o
 .debug_macro   0x000000000002301d      0x1f7 ./Drivers/STM32F4xx_HAL_Driver/Src/stm32f4xx_hal_tim.o
 .debug_macro   0x0000000000023214      0x1f6 ./Drivers/STM32F4xx_HAL_Driver/Src/stm32f4xx_hal_tim_ex.o
 .debug_macro   0x000000000002340a      0x1f7 ./Drivers/STM32F4xx_HAL_Driver/Src/stm32f4xx_hal_uart.o
 .debug_macro   0x0000000000023601      0x319 ./Misc/Src/crc8.o
 .debug_macro   0x000000000002391a      0x31f ./Misc/Src/dataPacketRx.o
 .debug_macro   0x0000000000023c39       0x28 ./Misc/Src/dataPacketRx.o
 .debug_macro   0x0000000000023c61      0x31f ./Misc/Src/dataPacketTx.o

.debug_line     0x0000000000000000    0x13c75
 .debug_line    0x0000000000000000      0xabf ./App/Src/application.o
 .debug_line    0x0000000000000abf      0xbdc ./Core/Src/main.o
 .debug_line    0x000000000000169b      0xa37 ./Core/Src/stm32f4xx_hal_msp.o
 .debug_line    0x00000000000020d2      0xa26 ./Core/Src/stm32f4xx_it.o
 .debug_line    0x0000000000002af8      0x780 ./Core/Src/system_stm32f4xx.o
 .debug_line    0x0000000000003278       0x88 ./Core/Startup/startup_stm32f446retx.o
 .debug_line    0x0000000000003300      0x9e6 ./Drivers/STM32F4xx_HAL_Driver/Src/stm32f4xx_hal.o
 .debug_line    0x0000000000003ce6     0x1262 ./Drivers/STM32F4xx_HAL_Driver/Src/stm32f4xx_hal_adc.o
 .debug_line    0x0000000000004f48      0xc95 ./Drivers/STM32F4xx_HAL_Driver/Src/stm32f4xx_hal_cortex.o
 .debug_line    0x0000000000005bdd      0xf4a ./Drivers/STM32F4xx_HAL_Driver/Src/stm32f4xx_hal_dma.o
 .debug_line    0x0000000000006b27      0xb46 ./Drivers/STM32F4xx_HAL_Driver/Src/stm32f4xx_hal_gpio.o
 .debug_line    0x000000000000766d      0x915 ./Drivers/STM32F4xx_HAL_Driver/Src/stm32f4xx_hal_pwr_ex.o
 .debug_line    0x0000000000007f82      0xd6c ./Drivers/STM32F4xx_HAL_Driver/Src/stm32f4xx_hal_rcc.o
 .debug_line    0x0000000000008cee     0x13f6 ./Drivers/STM32F4xx_HAL_Driver/Src/stm32f4xx_hal_rcc_ex.o
 .debug_line    0x000000000000a0e4     0x36da ./Drivers/STM32F4xx_HAL_Driver/Src/stm32f4xx_hal_tim.o
 .debug_line    0x000000000000d7be     0x19e3 ./Drivers/STM32F4xx_HAL_Driver/Src/stm32f4xx_hal_tim_ex.o
 .debug_line    0x000000000000f1a1     0x2a8b ./Drivers/STM32F4xx_HAL_Driver/Src/stm32f4xx_hal_uart.o
 .debug_line    0x0000000000011c2c      0x978 ./Misc/Src/crc8.o
 .debug_line    0x00000000000125a4      0xbd1 ./Misc/Src/dataPacketRx.o
 .debug_line    0x0000000000013175      0xb00 ./Misc/Src/dataPacketTx.o

.debug_str      0x0000000000000000    0xdd004
 .debug_str     0x0000000000000000    0xd874a ./App/Src/application.o
                                      0xd8a00 (size before relaxing)
 .debug_str     0x00000000000d874a      0xff2 ./Core/Src/main.o
                                      0xd9a76 (size before relaxing)
 .debug_str     0x00000000000d973c      0x605 ./Core/Src/stm32f4xx_hal_msp.o
                                      0xd9729 (size before relaxing)
 .debug_str     0x00000000000d9d41      0x11b ./Core/Src/stm32f4xx_it.o
                                      0xd8ef5 (size before relaxing)
 .debug_str     0x00000000000d9e5c       0xdb ./Core/Src/system_stm32f4xx.o
                                      0xd5698 (size before relaxing)
 .debug_str     0x00000000000d9f37       0x36 ./Core/Startup/startup_stm32f446retx.o
                                         0x76 (size before relaxing)
 .debug_str     0x00000000000d9f6d      0x617 ./Drivers/STM32F4xx_HAL_Driver/Src/stm32f4xx_hal.o
                                      0xd625d (size before relaxing)
 .debug_str     0x00000000000da584      0x285 ./Drivers/STM32F4xx_HAL_Driver/Src/stm32f4xx_hal_adc.o
                                      0xd5c60 (size before relaxing)
 .debug_str     0x00000000000da809      0x326 ./Drivers/STM32F4xx_HAL_Driver/Src/stm32f4xx_hal_cortex.o
                                      0xd5f6b (size before relaxing)
 .debug_str     0x00000000000dab2f      0x2f9 ./Drivers/STM32F4xx_HAL_Driver/Src/stm32f4xx_hal_dma.o
                                      0xd5a8d (size before relaxing)
 .debug_str     0x00000000000dae28      0x10e ./Drivers/STM32F4xx_HAL_Driver/Src/stm32f4xx_hal_gpio.o
                                      0xd5813 (size before relaxing)
 .debug_str     0x00000000000daf36      0x135 ./Drivers/STM32F4xx_HAL_Driver/Src/stm32f4xx_hal_pwr_ex.o
                                      0xd5870 (size before relaxing)
 .debug_str     0x00000000000db06b      0x233 ./Drivers/STM32F4xx_HAL_Driver/Src/stm32f4xx_hal_rcc.o
                                      0xd5ad1 (size before relaxing)
 .debug_str     0x00000000000db29e      0x31c ./Drivers/STM32F4xx_HAL_Driver/Src/stm32f4xx_hal_rcc_ex.o
                                      0xd5b04 (size before relaxing)
 .debug_str     0x00000000000db5ba      0xd95 ./Drivers/STM32F4xx_HAL_Driver/Src/stm32f4xx_hal_tim.o
                                      0xd69ed (size before relaxing)
 .debug_str     0x00000000000dc34f      0x503 ./Drivers/STM32F4xx_HAL_Driver/Src/stm32f4xx_hal_tim_ex.o
                                      0xd6209 (size before relaxing)
 .debug_str     0x00000000000dc852      0x5bd ./Drivers/STM32F4xx_HAL_Driver/Src/stm32f4xx_hal_uart.o
                                      0xd6046 (size before relaxing)
 .debug_str     0x00000000000dce0f       0x46 ./Misc/Src/crc8.o
                                      0xd8709 (size before relaxing)
 .debug_str     0x00000000000dce55       0xd3 ./Misc/Src/dataPacketRx.o
                                      0xd8990 (size before relaxing)
 .debug_str     0x00000000000dcf28       0xdc ./Misc/Src/dataPacketTx.o
                                      0xd8db2 (size before relaxing)

.comment        0x0000000000000000       0x50
 .comment       0x0000000000000000       0x50 ./App/Src/application.o
                                         0x51 (size before relaxing)
 .comment       0x0000000000000050       0x51 ./Core/Src/main.o
 .comment       0x0000000000000050       0x51 ./Core/Src/stm32f4xx_hal_msp.o
 .comment       0x0000000000000050       0x51 ./Core/Src/stm32f4xx_it.o
 .comment       0x0000000000000050       0x51 ./Core/Src/system_stm32f4xx.o
 .comment       0x0000000000000050       0x51 ./Drivers/STM32F4xx_HAL_Driver/Src/stm32f4xx_hal.o
 .comment       0x0000000000000050       0x51 ./Drivers/STM32F4xx_HAL_Driver/Src/stm32f4xx_hal_adc.o
 .comment       0x0000000000000050       0x51 ./Drivers/STM32F4xx_HAL_Driver/Src/stm32f4xx_hal_cortex.o
 .comment       0x0000000000000050       0x51 ./Drivers/STM32F4xx_HAL_Driver/Src/stm32f4xx_hal_dma.o
 .comment       0x0000000000000050       0x51 ./Drivers/STM32F4xx_HAL_Driver/Src/stm32f4xx_hal_gpio.o
 .comment       0x0000000000000050       0x51 ./Drivers/STM32F4xx_HAL_Driver/Src/stm32f4xx_hal_pwr_ex.o
 .comment       0x0000000000000050       0x51 ./Drivers/STM32F4xx_HAL_Driver/Src/stm32f4xx_hal_rcc.o
 .comment       0x0000000000000050       0x51 ./Drivers/STM32F4xx_HAL_Driver/Src/stm32f4xx_hal_rcc_ex.o
 .comment       0x0000000000000050       0x51 ./Drivers/STM32F4xx_HAL_Driver/Src/stm32f4xx_hal_tim.o
 .comment       0x0000000000000050       0x51 ./Drivers/STM32F4xx_HAL_Driver/Src/stm32f4xx_hal_tim_ex.o
 .comment       0x0000000000000050       0x51 ./Drivers/STM32F4xx_HAL_Driver/Src/stm32f4xx_hal_uart.o
 .comment       0x0000000000000050       0x51 ./Misc/Src/crc8.o
 .comment       0x0000000000000050       0x51 ./Misc/Src/dataPacketRx.o
 .comment       0x0000000000000050       0x51 ./Misc/Src/dataPacketTx.o

.debug_frame    0x0000000000000000     0x4190
 .debug_frame   0x0000000000000000      0x20c ./App/Src/application.o
 .debug_frame   0x000000000000020c      0x160 ./Core/Src/main.o
 .debug_frame   0x000000000000036c      0x110 ./Core/Src/stm32f4xx_hal_msp.o
 .debug_frame   0x000000000000047c      0x13c ./Core/Src/stm32f4xx_it.o
 .debug_frame   0x00000000000005b8       0x58 ./Core/Src/system_stm32f4xx.o
 .debug_frame   0x0000000000000610      0x374 ./Drivers/STM32F4xx_HAL_Driver/Src/stm32f4xx_hal.o
 .debug_frame   0x0000000000000984      0x3fc ./Drivers/STM32F4xx_HAL_Driver/Src/stm32f4xx_hal_adc.o
 .debug_frame   0x0000000000000d80      0x498 ./Drivers/STM32F4xx_HAL_Driver/Src/stm32f4xx_hal_cortex.o
 .debug_frame   0x0000000000001218      0x250 ./Drivers/STM32F4xx_HAL_Driver/Src/stm32f4xx_hal_dma.o
 .debug_frame   0x0000000000001468      0x14c ./Drivers/STM32F4xx_HAL_Driver/Src/stm32f4xx_hal_gpio.o
 .debug_frame   0x00000000000015b4      0x14c ./Drivers/STM32F4xx_HAL_Driver/Src/stm32f4xx_hal_pwr_ex.o
 .debug_frame   0x0000000000001700      0x1f4 ./Drivers/STM32F4xx_HAL_Driver/Src/stm32f4xx_hal_rcc.o
 .debug_frame   0x00000000000018f4      0x1e8 ./Drivers/STM32F4xx_HAL_Driver/Src/stm32f4xx_hal_rcc_ex.o
 .debug_frame   0x0000000000001adc     0x11c4 ./Drivers/STM32F4xx_HAL_Driver/Src/stm32f4xx_hal_tim.o
 .debug_frame   0x0000000000002ca0      0x638 ./Drivers/STM32F4xx_HAL_Driver/Src/stm32f4xx_hal_tim_ex.o
 .debug_frame   0x00000000000032d8      0x92c ./Drivers/STM32F4xx_HAL_Driver/Src/stm32f4xx_hal_uart.o
 .debug_frame   0x0000000000003c04       0x5c ./Misc/Src/crc8.o
 .debug_frame   0x0000000000003c60      0x228 ./Misc/Src/dataPacketRx.o
 .debug_frame   0x0000000000003e88      0x234 ./Misc/Src/dataPacketTx.o
 .debug_frame   0x00000000000040bc       0x2c c:/st/stm32cubeide_1.9.0/stm32cubeide/plugins/com.st.stm32cube.ide.mcu.externaltools.gnu-tools-for-stm32.10.3-2021.10.win32_1.0.0.202111181127/tools/bin/../lib/gcc/arm-none-eabi/10.3.1/../../../../arm-none-eabi/lib/thumb/v7e-m+fp/hard\libc_nano.a(lib_a-init.o)
 .debug_frame   0x00000000000040e8       0x28 c:/st/stm32cubeide_1.9.0/stm32cubeide/plugins/com.st.stm32cube.ide.mcu.externaltools.gnu-tools-for-stm32.10.3-2021.10.win32_1.0.0.202111181127/tools/bin/../lib/gcc/arm-none-eabi/10.3.1/../../../../arm-none-eabi/lib/thumb/v7e-m+fp/hard\libc_nano.a(lib_a-memcpy-stub.o)
 .debug_frame   0x0000000000004110       0x20 c:/st/stm32cubeide_1.9.0/stm32cubeide/plugins/com.st.stm32cube.ide.mcu.externaltools.gnu-tools-for-stm32.10.3-2021.10.win32_1.0.0.202111181127/tools/bin/../lib/gcc/arm-none-eabi/10.3.1/../../../../arm-none-eabi/lib/thumb/v7e-m+fp/hard\libc_nano.a(lib_a-memset.o)
 .debug_frame   0x0000000000004130       0x2c c:/st/stm32cubeide_1.9.0/stm32cubeide/plugins/com.st.stm32cube.ide.mcu.externaltools.gnu-tools-for-stm32.10.3-2021.10.win32_1.0.0.202111181127/tools/bin/../lib/gcc/arm-none-eabi/10.3.1/thumb/v7e-m+fp/hard\libgcc.a(_aeabi_uldivmod.o)
 .debug_frame   0x000000000000415c       0x34 c:/st/stm32cubeide_1.9.0/stm32cubeide/plugins/com.st.stm32cube.ide.mcu.externaltools.gnu-tools-for-stm32.10.3-2021.10.win32_1.0.0.202111181127/tools/bin/../lib/gcc/arm-none-eabi/10.3.1/thumb/v7e-m+fp/hard\libgcc.a(_udivmoddi4.o)
